---
source: optimizer/src/spec_parity_tests.rs
expression: output
---
==INPUT==

import { component$ } from '@qwik.dev/core';

export const Issue3561 = component$(() => {
	const props = useStore({
		product: {
		currentVariant: {
			variantImage: 'image',
			variantNumber: 'number',
			setContents: 'contents',
		},
		},
	});
	const {
		currentVariant: { variantImage, variantNumber, setContents } = {},
	} = props.product;

	console.log(variantImage, variantNumber, setContents)

	return <p></p>;
	});

============================= test.tsx ==

import { componentQrl, qrl } from "@qwik.dev/core";
const i_NKh3QDDWxo4 = ()=>import("./test.tsx_Issue3561_component_NKh3QDDWxo4");
export const Issue3561 = /*#__PURE__*/ componentQrl(/*#__PURE__*/ qrl(i_NKh3QDDWxo4, "Issue3561_component_NKh3QDDWxo4"));


None
============================= test.tsx_Issue3561_component_NKh3QDDWxo4.tsx (ENTRY POINT)==

export const Issue3561_component_NKh3QDDWxo4 = ()=>{
	const props = useStore({ product: { currentVariant: {
		variantImage: "image",
		variantNumber: "number",
		setContents: "contents"
	} } });
	const { currentVariant: { variantImage, variantNumber, setContents } = {} } = props.product;
	console.log(variantImage, variantNumber, setContents);
	return <p></p>;
};


None
/*
{
  "origin": "test.tsx",
  "name": "Issue3561_component_NKh3QDDWxo4",
  "entry": "entry_segments",
  "displayName": "test.tsx_Issue3561_component",
  "hash": "NKh3QDDWxo4",
  "canonicalFilename": "test.tsx_Issue3561_component_NKh3QDDWxo4",
  "path": "",
  "extension": "tsx",
  "parent": null,
  "ctxKind": "function",
  "ctxName": "component$",
  "captures": false,
  "loc": [
    82,
    420
  ]
}
*/
== DIAGNOSTICS ==

[]
