---
source: optimizer/src/spec_parity_tests.rs
expression: output
---
==INPUT==

import { component$, $ } from '@qwik.dev/core';
import mongo from 'mongodb';

export const Greeter = component$(() => {
	// Double count watch
	useTask$(async () => {
		await mongo.users();
	});
	return (
		<div>
			<div onClick$={() => {}}/>
			<div onClick$={() => {}}/>
			<div onClick$={() => {}}/>
		</div>
	)
});

============================= test.js ==

import { componentQrl, qrl } from "@qwik.dev/core";
const i_nw40sjkUatU = ()=>import("./test.tsx_test.tsx_Greeter_component_useTask_nw40sjkUatU");
const i_l5Al0251s9w = ()=>import("./test.tsx_test.tsx_Greeter_component_l5Al0251s9w");
export const Greeter = /*#__PURE__*/ componentQrl(/*#__PURE__*/ qrl(i_l5Al0251s9w, "test.tsx_Greeter_component_l5Al0251s9w"));


None
============================= test.tsx_test.tsx_Greeter_component_useTask_nw40sjkUatU.js (ENTRY POINT)==

import mongo from "mongodb";
export const test.tsx_Greeter_component_useTask_nw40sjkUatU = async ()=>{
	await mongo.users();
};


None
/*
{
  "origin": "test.tsx",
  "name": "test.tsx_Greeter_component_useTask_nw40sjkUatU",
  "entry": null,
  "displayName": "test.tsx_Greeter_component_useTask",
  "hash": "nw40sjkUatU",
  "canonicalFilename": "test.tsx_test.tsx_Greeter_component_useTask_nw40sjkUatU",
  "path": "",
  "extension": "js",
  "parent": "component",
  "ctxKind": "function",
  "ctxName": "useTask$",
  "captures": false,
  "loc": [
    153,
    192
  ]
}
*/
============================= test.tsx_test.tsx_Greeter_component_l5Al0251s9w.js (ENTRY POINT)==

import { _jsxSorted, qrl } from "@qwik.dev/core";
const i_2 = ()=>import("./test.tsx");
const i_1 = ()=>import("./test.tsx");
const i_nw40sjkUatU = ()=>import("./test.tsx_test.tsx_Greeter_component_useTask_nw40sjkUatU");
export const test.tsx_Greeter_component_l5Al0251s9w = ()=>{
	/*#__PURE__*/ useTaskQrl(/*#__PURE__*/ qrl(i_nw40sjkUatU, "test.tsx_Greeter_component_useTask_nw40sjkUatU"));
	return /*#__PURE__*/ _jsxSorted("div", null, null, [
		/*#__PURE__*/ _jsxSorted("div", { on:click: /*#__PURE__*/ useTaskQrl(/*#__PURE__*/ qrl(i_nw40sjkUatU, "test.tsx_Greeter_component_useTask_nw40sjkUatU")) }, null, null, 3, null),
		/*#__PURE__*/ _jsxSorted("div", { on:click: /*#__PURE__*/ qrl(i_1, "Greeter_component_div_div_onClick_1") }, null, null, 3, null),
		/*#__PURE__*/ _jsxSorted("div", { on:click: /*#__PURE__*/ qrl(i_2, "Greeter_component_div_div_onClick_2") }, null, null, 3, null)
	], 3, null);
};


None
/*
{
  "origin": "test.tsx",
  "name": "test.tsx_Greeter_component_l5Al0251s9w",
  "entry": null,
  "displayName": "test.tsx_Greeter_component",
  "hash": "l5Al0251s9w",
  "canonicalFilename": "test.tsx_test.tsx_Greeter_component_l5Al0251s9w",
  "path": "",
  "extension": "js",
  "parent": null,
  "ctxKind": "function",
  "ctxName": "component$",
  "captures": false,
  "loc": [
    112,
    316
  ]
}
*/
== DIAGNOSTICS ==

[]
