---
source: optimizer/src/spec_parity_tests.rs
expression: output
---
==INPUT==

import { $, component$ } from '@qwik.dev/core';

export const Foo = component$(() => {

	return $(() => {
		const handler = $(() => console.log('reused'));
		return (
			<div
				onClick$={()=>console.log('onClick$')}
				onDocumentScroll$={()=>console.log('onDocumentScroll')}
				onDocumentScroll$={()=>console.log('onWindowScroll')}

				on-cLick$={()=>console.log('on-cLick$')}
				onDocument-sCroll$={()=>console.log('onDocument-sCroll')}
				onDocument-scroLL$={()=>console.log('onDocument-scroLL')}

				host:onClick$={()=>console.log('host:onClick$')}
				host:onDocumentScroll$={()=>console.log('host:onDocument:scroll')}
				host:onDocumentScroll$={()=>console.log('host:onWindow:scroll')}

				onKeyup$={handler}
				onDocument:keyup$={handler}
				onWindow:keyup$={handler}

				custom$={()=>console.log('custom')}
			/>
		)
	});
}, {
	tagName: "my-foo",
});

============================= test.js ==

import { componentQrl, qrl } from "@qwik.dev/core";
const i_DvU6FitWglY = ()=>import("./test.tsx_Foo_component_1_DvU6FitWglY");
const i_HTDRsvUbLiE = ()=>import("./test.tsx_Foo_component_HTDRsvUbLiE");
export const Foo = /*#__PURE__*/ componentQrl(/*#__PURE__*/ qrl(i_HTDRsvUbLiE, "Foo_component_HTDRsvUbLiE"));


None
============================= test.tsx_Foo_component_HTDRsvUbLiE.js (ENTRY POINT)==

import { qrl } from "@qwik.dev/core";
const i_H10xZtD0e7w = ()=>import("./test.tsx_Foo_component_handler_H10xZtD0e7w");
export const Foo_component_HTDRsvUbLiE = ()=>{
	return /*#__PURE__*/ qrl(i_DvU6FitWglY, "Foo_component_1_DvU6FitWglY");
};


None
/*
{
  "origin": "test.tsx",
  "name": "Foo_component_HTDRsvUbLiE",
  "entry": null,
  "displayName": "test.tsx_Foo_component",
  "hash": "HTDRsvUbLiE",
  "canonicalFilename": "test.tsx_Foo_component_HTDRsvUbLiE",
  "path": "",
  "extension": "js",
  "parent": null,
  "ctxKind": "function",
  "ctxName": "component$",
  "captures": false,
  "loc": [
    79,
    843
  ]
}
*/
============================= test.tsx_Foo_component_1_DvU6FitWglY.js (ENTRY POINT)==

import { _jsxSorted, qrl } from "@qwik.dev/core";
const i_custom = ()=>import("./test.tsx");
const i_3 = ()=>import("./test.tsx");
const i_2 = ()=>import("./test.tsx");
const i_onDocument-scroLL = ()=>import("./test.tsx");
const i_onDocument-sCroll = ()=>import("./test.tsx");
const i_on-cLick = ()=>import("./test.tsx");
const i_1 = ()=>import("./test.tsx");
const i_onDocumentScroll = ()=>import("./test.tsx");
const i_onClick = ()=>import("./test.tsx");
const i_H10xZtD0e7w = ()=>import("./test.tsx_Foo_component_handler_H10xZtD0e7w");
export const Foo_component_1_DvU6FitWglY = ()=>{
	const handler = /*#__PURE__*/ qrl(i_H10xZtD0e7w, "Foo_component_handler_H10xZtD0e7w");
	return /*#__PURE__*/ _jsxSorted("div", {
		custom$: /*#__PURE__*/ qrl(i_custom, "Foo_component_1_div_custom"),
		"host:onClick$": /*#__PURE__*/ qrl(i_1, "Foo_component_1_div_onClick_1"),
		"host:onDocumentScroll$": /*#__PURE__*/ qrl(i_2, "Foo_component_1_div_onDocumentScroll_2"),
		"host:onDocumentScroll$": /*#__PURE__*/ qrl(i_3, "Foo_component_1_div_onDocumentScroll_3"),
		"on:c-lick": /*#__PURE__*/ qrl(i_on-cLick, "Foo_component_1_div_on-cLick"),
		"on:click": /*#__PURE__*/ qrl(i_onClick, "Foo_component_1_div_onClick"),
		"on:document-scroll": /*#__PURE__*/ qrl(i_onDocument-sCroll, "Foo_component_1_div_onDocument-sCroll"),
		"on:document-scroll": /*#__PURE__*/ qrl(i_onDocument-scroLL, "Foo_component_1_div_onDocument-scroLL"),
		"on:documentscroll": /*#__PURE__*/ qrl(i_onDocumentScroll, "Foo_component_1_div_onDocumentScroll"),
		"on:documentscroll": /*#__PURE__*/ qrl(i_1, "Foo_component_1_div_onDocumentScroll_1")
	}, {
		"on:keyup": handler,
		"on:document:keyup": handler,
		"on:window:keyup": handler
	}, null, 3, null);
};


None
/*
{
  "origin": "test.tsx",
  "name": "Foo_component_1_DvU6FitWglY",
  "entry": null,
  "displayName": "test.tsx_Foo_component_1",
  "hash": "DvU6FitWglY",
  "canonicalFilename": "test.tsx_Foo_component_1_DvU6FitWglY",
  "path": "",
  "extension": "js",
  "parent": "component",
  "ctxKind": "function",
  "ctxName": "$",
  "captures": false,
  "loc": [
    98,
    839
  ]
}
*/
============================= test.tsx_Foo_component_handler_H10xZtD0e7w.js (ENTRY POINT)==

export const Foo_component_handler_H10xZtD0e7w = ()=>console.log("reused");


None
/*
{
  "origin": "test.tsx",
  "name": "Foo_component_handler_H10xZtD0e7w",
  "entry": null,
  "displayName": "test.tsx_Foo_component_handler",
  "hash": "H10xZtD0e7w",
  "canonicalFilename": "test.tsx_Foo_component_handler_H10xZtD0e7w",
  "path": "",
  "extension": "js",
  "parent": "$1",
  "ctxKind": "function",
  "ctxName": "$",
  "captures": false,
  "loc": [
    126,
    153
  ]
}
*/
== DIAGNOSTICS ==

[]
