---
source: optimizer/src/spec_parity_tests.rs
expression: output
---
==INPUT==

import { component$ } from '@qwik.dev/core';

export default component$(() => {
	return (
		<div onClick$={() => console.log(mongodb)}>
		</div>
	);
});

============================= src/components/mongo/404.tsx ==

import { componentQrl, qrl } from "@qwik.dev/core";
const i_6FcsQ0hwZtA = ()=>import("./404.tsx__404_component_6FcsQ0hwZtA");
export default /*#__PURE__*/ componentQrl(/*#__PURE__*/ qrl(i_6FcsQ0hwZtA, "_404_component_6FcsQ0hwZtA"));


None
============================= 404.tsx__404_component_6FcsQ0hwZtA.tsx (ENTRY POINT)==

import { qrl } from "@qwik.dev/core";
const i_onClick = ()=>import("./404.tsx");
export const _404_component_6FcsQ0hwZtA = ()=>{
	return <div on:click={/*#__PURE__*/ qrl(i_onClick, "_404_component_div_onClick")}>
		</div>;
};


None
/*
{
  "origin": "src/components/mongo/404.tsx",
  "name": "_404_component_6FcsQ0hwZtA",
  "entry": null,
  "displayName": "404.tsx__404_component",
  "hash": "6FcsQ0hwZtA",
  "canonicalFilename": "404.tsx__404_component_6FcsQ0hwZtA",
  "path": "src/components/mongo",
  "extension": "tsx",
  "parent": null,
  "ctxKind": "function",
  "ctxName": "component$",
  "captures": false,
  "loc": [
    72,
    150
  ]
}
*/
== DIAGNOSTICS ==

[]
