---
source: optimizer/src/spec_parity_tests.rs
expression: output
---
==INPUT==

import { component$ } from '@qwik.dev/core';

export default component$(() => {
	return (
		<div onClick$={() => console.log(mongodb)}>
		</div>
	);
});

============================= src/components/mongo/index.tsx ==

import { componentQrl, qrl } from "@qwik.dev/core";
const i_ouWLj4jA2oI = ()=>import("./index.tsx_mongo_component_ouWLj4jA2oI");
export default /*#__PURE__*/ componentQrl(/*#__PURE__*/ qrl(i_ouWLj4jA2oI, "mongo_component_ouWLj4jA2oI"));


None
============================= index.tsx_mongo_component_ouWLj4jA2oI.tsx (ENTRY POINT)==

import { qrl } from "@qwik.dev/core";
const i_onClick = ()=>import("./index.tsx");
export const mongo_component_ouWLj4jA2oI = ()=>{
	return <div on:click={/*#__PURE__*/ qrl(i_onClick, "mongo_component_div_onClick")}>
		</div>;
};


None
/*
{
  "origin": "src/components/mongo/index.tsx",
  "name": "mongo_component_ouWLj4jA2oI",
  "entry": "entry_segments",
  "displayName": "index.tsx_mongo_component",
  "hash": "ouWLj4jA2oI",
  "canonicalFilename": "index.tsx_mongo_component_ouWLj4jA2oI",
  "path": "src/components/mongo",
  "extension": "tsx",
  "parent": null,
  "ctxKind": "function",
  "ctxName": "component$",
  "captures": false,
  "loc": [
    72,
    150
  ]
}
*/
== DIAGNOSTICS ==

[]
