---
source: optimizer/src/spec_parity_tests.rs
expression: output
---
==INPUT==

import { component$ } from '@qwik.dev/core';
import { Foo } from './foo';

export default component$((props) => {
	return (
		<Foo s={Math.random()} {...props} hello {...globalThis.nothing} />
	);
});

============================= test.js ==

import { componentQrl, qrl } from "@qwik.dev/core";
const i_G7jVUwdBFEM = ()=>import("./test.tsx_component_G7jVUwdBFEM");
export default /*#__PURE__*/ componentQrl(/*#__PURE__*/ qrl(i_G7jVUwdBFEM, "component_G7jVUwdBFEM"));


None
============================= test.tsx_component_G7jVUwdBFEM.js (ENTRY POINT)==

import { Foo } from "./foo";
import { _getConstProps, _getVarProps, _jsxSplit } from "@qwik.dev/core";
export const component_G7jVUwdBFEM = (props)=>{
	return _jsxSplit(Foo, {
		s: Math.random(),
		..._getVarProps(props),
		hello: true,
		..._getVarProps(globalThis.nothing)
	}, _getConstProps(globalThis.nothing), null, 0, null);
};


None
/*
{
  "origin": "test.tsx",
  "name": "component_G7jVUwdBFEM",
  "entry": null,
  "displayName": "test.tsx_component",
  "hash": "G7jVUwdBFEM",
  "canonicalFilename": "test.tsx_component_G7jVUwdBFEM",
  "path": "",
  "extension": "js",
  "parent": null,
  "ctxKind": "function",
  "ctxName": "component$",
  "captures": false,
  "loc": [
    101,
    198
  ]
}
*/
== DIAGNOSTICS ==

[]
