---
source: optimizer/src/spec_parity_tests.rs
expression: output
---
==INPUT==

import { component$, useStore } from '@qwik.dev/core';

enum Thing {
	A,
	B
}

export const App = component$(() => {
	console.log(Thing.A);
	return (
		<>
			<p class="stuff">Hello Qwik</p>
		</>
	);
});

============================= test.js ==

import { componentQrl, qrl } from "@qwik.dev/core";
const i_XumqEURaLxI = ()=>import("./test.tsx_App_component_XumqEURaLxI");
var Thing = /*#__PURE__*/ function(Thing) {
	Thing[Thing["A"] = 0] = "A";
	Thing[Thing["B"] = 1] = "B";
	return Thing;
}(Thing || {});
export const App = /*#__PURE__*/ componentQrl(/*#__PURE__*/ qrl(i_XumqEURaLxI, "App_component_XumqEURaLxI", [Thing]));


None
============================= test.tsx_App_component_XumqEURaLxI.js (ENTRY POINT)==

import { _jsxSorted } from "@qwik.dev/core";
import { Fragment as _Fragment } from "@qwik.dev/core/jsx-runtime";
export const App_component_XumqEURaLxI = ()=>{
	const [Thing] = useLexicalScope();
	console.log(Thing.A);
	return /*#__PURE__*/ _jsxSorted(_Fragment, null, null, /*#__PURE__*/ _jsxSorted("p", null, { class: "stuff" }, "Hello Qwik", 3, null), 3, null);
};


None
/*
{
  "origin": "test.tsx",
  "name": "App_component_XumqEURaLxI",
  "entry": null,
  "displayName": "test.tsx_App_component",
  "hash": "XumqEURaLxI",
  "canonicalFilename": "test.tsx_App_component_XumqEURaLxI",
  "path": "",
  "extension": "js",
  "parent": null,
  "ctxKind": "function",
  "ctxName": "component$",
  "captures": true,
  "loc": [
    109,
    201
  ]
}
*/
== DIAGNOSTICS ==

[]
