---
source: optimizer/src/spec_parity_tests.rs
expression: output
---
==INPUT==

import { component$ } from '@qwik.dev/core';

export const AtomStatus = component$(({ctx,atom})=>{
	let status = atom.status;
	if(!atom.real) {
		status="WILL-VANISH"
	} else if (JSON.stringify(atom.atom)==JSON.stringify(atom.real)) {
		status="WTFED"
	}
	return (
		<span title={atom.ID} onClick$={(ev)=>atomStatusClick(ctx,ev,[atom])} class={["atom",status,ctx.store[atom.ID]?"selected":null]}>
		</span>
	);
})

============================= test.tsx ==

import { componentQrl, qrl } from "@qwik.dev/core";
const i_hdwpoUtydSA = ()=>import("./test.tsx_AtomStatus_component_hdwpoUtydSA");
export const AtomStatus = /*#__PURE__*/ componentQrl(/*#__PURE__*/ qrl(i_hdwpoUtydSA, "AtomStatus_component_hdwpoUtydSA"));


None
============================= test.tsx_AtomStatus_component_hdwpoUtydSA.tsx (ENTRY POINT)==

import { qrl } from "@qwik.dev/core";
const i_onClick = ()=>import("./test.tsx");
export const AtomStatus_component_hdwpoUtydSA = ({ ctx, atom })=>{
	let status = atom.status;
	if (!atom.real) {
		status = "WILL-VANISH";
	} else if (JSON.stringify(atom.atom) == JSON.stringify(atom.real)) {
		status = "WTFED";
	}
	return <span title={atom.ID} on:click={/*#__PURE__*/ qrl(i_onClick, "AtomStatus_component_span_onClick")} class={[
		"atom",
		status,
		ctx.store[atom.ID] ? "selected" : null
	]}>
		</span>;
};


None
/*
{
  "origin": "test.tsx",
  "name": "AtomStatus_component_hdwpoUtydSA",
  "entry": "entry_segments",
  "displayName": "test.tsx_AtomStatus_component",
  "hash": "hdwpoUtydSA",
  "canonicalFilename": "test.tsx_AtomStatus_component_hdwpoUtydSA",
  "path": "",
  "extension": "tsx",
  "parent": null,
  "ctxKind": "function",
  "ctxName": "component$",
  "captures": false,
  "loc": [
    83,
    412
  ]
}
*/
== DIAGNOSTICS ==

[]
