---
source: optimizer/src/spec_parity_tests.rs
expression: output
---
==INPUT==

import { component$ as Component, $ as onRender, useStore, wrap, useEffect } from '@qwik.dev/core';


export const useMemo$ = (qrt) => {
	useEffect(qrt);
};

export const App = component$((props) => {
	const state = useStore({count: 0});
	useMemo$(() => {
		console.log(state.count);
	});
	return $(() => (
		<div>{state.count}</div>
	));
});

============================= test.js ==

import { componentQrl, qrl, useEffect } from "@qwik.dev/core";
const i_KRBIdG7hoN4 = ()=>import("./test.tsx_App_component_useMemo_KRBIdG7hoN4");
const i_zT40dUYPQNs = ()=>import("./test.tsx_App_component_1_zT40dUYPQNs");
const i_XumqEURaLxI = ()=>import("./test.tsx_App_component_XumqEURaLxI");
export const useMemo$ = (qrt)=>{
	useEffect(qrt);
};
export const App = /*#__PURE__*/ componentQrl(/*#__PURE__*/ qrl(i_XumqEURaLxI, "App_component_XumqEURaLxI"));


None
============================= test.tsx_App_component_XumqEURaLxI.js (ENTRY POINT)==

import { qrl, useMemoQrl, useStore } from "@qwik.dev/core";
export const App_component_XumqEURaLxI = (props)=>{
	const state = useStore({ count: 0 });
	/*#__PURE__*/ useMemoQrl(/*#__PURE__*/ qrl(i_KRBIdG7hoN4, "App_component_useMemo_KRBIdG7hoN4", [state]));
	return /*#__PURE__*/ qrl(i_zT40dUYPQNs, "App_component_1_zT40dUYPQNs", [state]);
};


None
/*
{
  "origin": "test.tsx",
  "name": "App_component_XumqEURaLxI",
  "entry": null,
  "displayName": "test.tsx_App_component",
  "hash": "XumqEURaLxI",
  "canonicalFilename": "test.tsx_App_component_XumqEURaLxI",
  "path": "",
  "extension": "js",
  "parent": null,
  "ctxKind": "function",
  "ctxName": "component$",
  "captures": false,
  "loc": [
    188,
    340
  ]
}
*/
============================= test.tsx_App_component_1_zT40dUYPQNs.js (ENTRY POINT)==

import { _jsxSorted } from "@qwik.dev/core";
export const App_component_1_zT40dUYPQNs = ()=>{
	const [state] = useLexicalScope();
	return /*#__PURE__*/ _jsxSorted("div", null, null, state.count, 1, null);
};


None
/*
{
  "origin": "test.tsx",
  "name": "App_component_1_zT40dUYPQNs",
  "entry": null,
  "displayName": "test.tsx_App_component_1",
  "hash": "zT40dUYPQNs",
  "canonicalFilename": "test.tsx_App_component_1_zT40dUYPQNs",
  "path": "",
  "extension": "js",
  "parent": "component",
  "ctxKind": "function",
  "ctxName": "$",
  "captures": true,
  "loc": [
    299,
    336
  ]
}
*/
============================= test.tsx_App_component_useMemo_KRBIdG7hoN4.js (ENTRY POINT)==

export const App_component_useMemo_KRBIdG7hoN4 = ()=>{
	const [state] = useLexicalScope();
	console.log(state.count);
};


None
/*
{
  "origin": "test.tsx",
  "name": "App_component_useMemo_KRBIdG7hoN4",
  "entry": null,
  "displayName": "test.tsx_App_component_useMemo",
  "hash": "KRBIdG7hoN4",
  "canonicalFilename": "test.tsx_App_component_useMemo_KRBIdG7hoN4",
  "path": "",
  "extension": "js",
  "parent": "component",
  "ctxKind": "function",
  "ctxName": "useMemo$",
  "captures": true,
  "loc": [
    248,
    286
  ]
}
*/
== DIAGNOSTICS ==

[]
