---
source: optimizer/src/spec_parity_tests.rs
expression: output
---
==INPUT==

import { $, component$ } from '@qwik.dev/core';

export const Foo = component$(({foo}) => {
	const arg0 = 20;
	return $(() => {
		const fn = ({aaa}) => aaa;
		return (
			<div>
				{foo}{fn()}{arg0}
			</div>
		)
	});
})

export const Bar = component$(({bar}) => {
	return $(() => {
		return (
			<div>
				{bar}
			</div>
		)
	});
})

============================= test.tsx ==

import { componentQrl, qrl } from "@qwik.dev/core";
const i_oqxj4pNYHWI = ()=>import("./test.tsx_test.tsx_Foo_component_1_oqxj4pNYHWI");
const i_gZqPatVoDqw = ()=>import("./test.tsx_test.tsx_Foo_component_gZqPatVoDqw");
const i_0GTfW0h0HPk = ()=>import("./test.tsx_test.tsx_Bar_component_1_0GTfW0h0HPk");
const i_GnvJdXy0KPg = ()=>import("./test.tsx_test.tsx_Bar_component_GnvJdXy0KPg");
export const Foo = /*#__PURE__*/ componentQrl(/*#__PURE__*/ qrl(i_gZqPatVoDqw, "test.tsx_Foo_component_gZqPatVoDqw"));
export const Bar = /*#__PURE__*/ componentQrl(/*#__PURE__*/ qrl(i_GnvJdXy0KPg, "test.tsx_Bar_component_GnvJdXy0KPg"));


None
============================= test.tsx_test.tsx_Foo_component_1_oqxj4pNYHWI.tsx (ENTRY POINT)==

export const test.tsx_Foo_component_1_oqxj4pNYHWI = ()=>{
	const [arg0] = useLexicalScope();
	const fn = ({ aaa })=>aaa;
	return <div>
				{foo}{fn()}{arg0}
			</div>;
};


None
/*
{
  "origin": "test.tsx",
  "name": "test.tsx_Foo_component_1_oqxj4pNYHWI",
  "entry": null,
  "displayName": "test.tsx_Foo_component_1",
  "hash": "oqxj4pNYHWI",
  "canonicalFilename": "test.tsx_test.tsx_Foo_component_1_oqxj4pNYHWI",
  "path": "",
  "extension": "tsx",
  "parent": "component",
  "ctxKind": "function",
  "ctxName": "$",
  "captures": true,
  "loc": [
    120,
    215
  ]
}
*/
============================= test.tsx_test.tsx_Foo_component_gZqPatVoDqw.tsx (ENTRY POINT)==

import { qrl } from "@qwik.dev/core";
export const test.tsx_Foo_component_gZqPatVoDqw = ({ foo })=>{
	const arg0 = 20;
	return /*#__PURE__*/ qrl(i_oqxj4pNYHWI, "test.tsx_Foo_component_1_oqxj4pNYHWI", [arg0]);
};


None
/*
{
  "origin": "test.tsx",
  "name": "test.tsx_Foo_component_gZqPatVoDqw",
  "entry": null,
  "displayName": "test.tsx_Foo_component",
  "hash": "gZqPatVoDqw",
  "canonicalFilename": "test.tsx_test.tsx_Foo_component_gZqPatVoDqw",
  "path": "",
  "extension": "tsx",
  "parent": null,
  "ctxKind": "function",
  "ctxName": "component$",
  "captures": false,
  "loc": [
    79,
    219
  ]
}
*/
============================= test.tsx_test.tsx_Bar_component_GnvJdXy0KPg.tsx (ENTRY POINT)==

import { qrl } from "@qwik.dev/core";
export const test.tsx_Bar_component_GnvJdXy0KPg = ({ bar })=>{
	return /*#__PURE__*/ qrl(i_0GTfW0h0HPk, "test.tsx_Bar_component_1_0GTfW0h0HPk");
};


None
/*
{
  "origin": "test.tsx",
  "name": "test.tsx_Bar_component_GnvJdXy0KPg",
  "entry": null,
  "displayName": "test.tsx_Bar_component",
  "hash": "GnvJdXy0KPg",
  "canonicalFilename": "test.tsx_test.tsx_Bar_component_GnvJdXy0KPg",
  "path": "",
  "extension": "tsx",
  "parent": null,
  "ctxKind": "function",
  "ctxName": "component$",
  "captures": false,
  "loc": [
    252,
    333
  ]
}
*/
============================= test.tsx_test.tsx_Bar_component_1_0GTfW0h0HPk.tsx (ENTRY POINT)==

export const test.tsx_Bar_component_1_0GTfW0h0HPk = ()=>{
	return <div>
				{bar}
			</div>;
};


None
/*
{
  "origin": "test.tsx",
  "name": "test.tsx_Bar_component_1_0GTfW0h0HPk",
  "entry": null,
  "displayName": "test.tsx_Bar_component_1",
  "hash": "0GTfW0h0HPk",
  "canonicalFilename": "test.tsx_test.tsx_Bar_component_1_0GTfW0h0HPk",
  "path": "",
  "extension": "tsx",
  "parent": "component",
  "ctxKind": "function",
  "ctxName": "$",
  "captures": false,
  "loc": [
    275,
    329
  ]
}
*/
== DIAGNOSTICS ==

[]
