---
source: optimizer/src/spec_parity_tests.rs
expression: output
---
==INPUT==

import { component$, useSignal, Signal } from '@qwik.dev/core';
const Foo = component$(function() {
  const data = useSignal<Signal<any>[]>([]);
  const data2 = useSignal<Signal<any>[]>([]);
  return <div>
	{data.value.map(row => (
	  <div onClick$={() => console.log(row.value.id)}>
		{data2.value.map(item => (
		  <p onClick$={() => console.log(row.value.id, item.value.id)}>{row.value.id}-{item.value.id}</p>
		))}
	  </div>
	))}
  </div>;
})

============================= test.js ==

import { componentQrl, qrl } from "@qwik.dev/core";
const i_gZqPatVoDqw = ()=>import("./test.tsx_Foo_component_gZqPatVoDqw");
const _hf0 = (p0)=>p0.value.id;
const _hf0_str = "p0.value.id";
/*#__PURE__*/ componentQrl(/*#__PURE__*/ qrl(i_gZqPatVoDqw, "Foo_component_gZqPatVoDqw"));


None
============================= test.tsx_Foo_component_gZqPatVoDqw.js (ENTRY POINT)==

import { _fnSignal, _jsxSorted, qrl, useSignal } from "@qwik.dev/core";
const i_chpE6lPsE9s = ()=>import("./test.tsx_Foo_component_div_map_div_map_p_onClick_chpE6lPsE9s");
const i_zM4Cumgzius = ()=>import("./test.tsx_Foo_component_div_map_div_onClick_zM4Cumgzius");
export const Foo_component_gZqPatVoDqw = function() {
	const data = useSignal([]);
	const data2 = useSignal([]);
	return /*#__PURE__*/ _jsxSorted("div", null, null, data.value.map((row)=>/*#__PURE__*/ _jsxSorted("div", {
		q:p: row,
		on:click: /*#__PURE__*/ qrl(i_zM4Cumgzius, "Foo_component_div_map_div_onClick_zM4Cumgzius")
	}, null, data2.value.map((item)=>/*#__PURE__*/ _jsxSorted("p", {
		q:p: item,
		on:click: /*#__PURE__*/ qrl(i_chpE6lPsE9s, "Foo_component_div_map_div_map_p_onClick_chpE6lPsE9s", [row])
	}, null, [
		row.value.id,
		"-",
		_fnSignal(_hf0, [item], _hf0_str)
	], 1, null)), 1, null)), 1, null);
};


None
/*
{
  "origin": "test.tsx",
  "name": "Foo_component_gZqPatVoDqw",
  "entry": null,
  "displayName": "test.tsx_Foo_component",
  "hash": "gZqPatVoDqw",
  "canonicalFilename": "test.tsx_Foo_component_gZqPatVoDqw",
  "path": "",
  "extension": "js",
  "parent": null,
  "ctxKind": "function",
  "ctxName": "component$",
  "captures": false,
  "loc": [
    87,
    445
  ]
}
*/
============================= test.tsx_Foo_component_div_map_div_map_p_onClick_chpE6lPsE9s.js (ENTRY POINT)==

import { useLexicalScope } from "@qwik.dev/core";
export const Foo_component_div_map_div_map_p_onClick_chpE6lPsE9s = (_, _1, item)=>{
	const [row] = useLexicalScope();
	return console.log(row.value.id, item.value.id);
};


None
/*
{
  "origin": "test.tsx",
  "name": "Foo_component_div_map_div_map_p_onClick_chpE6lPsE9s",
  "entry": null,
  "displayName": "test.tsx_Foo_component_div_map_div_map_p_onClick",
  "hash": "chpE6lPsE9s",
  "canonicalFilename": "test.tsx_Foo_component_div_map_div_map_p_onClick_chpE6lPsE9s",
  "path": "",
  "extension": "js",
  "parent": null,
  "ctxKind": "eventHandler",
  "ctxName": "onClick$",
  "captures": true,
  "loc": [
    0,
    0
  ]
}
*/
============================= test.tsx_Foo_component_div_map_div_onClick_zM4Cumgzius.js (ENTRY POINT)==

export const Foo_component_div_map_div_onClick_zM4Cumgzius = (_, _1, row)=>console.log(row.value.id);


None
/*
{
  "origin": "test.tsx",
  "name": "Foo_component_div_map_div_onClick_zM4Cumgzius",
  "entry": null,
  "displayName": "test.tsx_Foo_component_div_map_div_onClick",
  "hash": "zM4Cumgzius",
  "canonicalFilename": "test.tsx_Foo_component_div_map_div_onClick_zM4Cumgzius",
  "path": "",
  "extension": "js",
  "parent": null,
  "ctxKind": "eventHandler",
  "ctxName": "onClick$",
  "captures": false,
  "loc": [
    0,
    0
  ]
}
*/
== DIAGNOSTICS ==

[]
