---
source: optimizer/src/spec_parity_tests.rs
expression: output
---
==INPUT==

import { component$, useComputed$, useTask$ } from '@qwik.dev/core'

export default component$(({ color, ...props }) => {
useComputed$(() => color)

useTask$(() => {
	props.checked
})

return 'hi'
})

============================= test.js ==

import { componentQrl, qrl } from "@qwik.dev/core";
const i_T02e7s0RAk8 = ()=>import("./test.tsx_test_component_useComputed_T02e7s0RAk8");
const i_F6JQKR8P1Ko = ()=>import("./test.tsx_test_component_useTask_F6JQKR8P1Ko");
const i_3ghsHSPcTK0 = ()=>import("./test.tsx_test_component_3ghsHSPcTK0");
export default /*#__PURE__*/ componentQrl(/*#__PURE__*/ qrl(i_3ghsHSPcTK0, "test_component_3ghsHSPcTK0"));


None
============================= test.tsx_test_component_useComputed_T02e7s0RAk8.js (ENTRY POINT)==

export const test_component_useComputed_T02e7s0RAk8 = ()=>color;


None
/*
{
  "origin": "test.tsx",
  "name": "test_component_useComputed_T02e7s0RAk8",
  "entry": "entry_segments",
  "displayName": "test.tsx_test_component_useComputed",
  "hash": "T02e7s0RAk8",
  "canonicalFilename": "test.tsx_test_component_useComputed_T02e7s0RAk8",
  "path": "",
  "extension": "js",
  "parent": "component",
  "ctxKind": "function",
  "ctxName": "useComputed$",
  "captures": false,
  "loc": [
    135,
    146
  ]
}
*/
============================= test.tsx_test_component_useTask_F6JQKR8P1Ko.js (ENTRY POINT)==

export const test_component_useTask_F6JQKR8P1Ko = ()=>{
	props.checked;
};


None
/*
{
  "origin": "test.tsx",
  "name": "test_component_useTask_F6JQKR8P1Ko",
  "entry": "entry_segments",
  "displayName": "test.tsx_test_component_useTask",
  "hash": "F6JQKR8P1Ko",
  "canonicalFilename": "test.tsx_test_component_useTask_F6JQKR8P1Ko",
  "path": "",
  "extension": "js",
  "parent": "component",
  "ctxKind": "function",
  "ctxName": "useTask$",
  "captures": false,
  "loc": [
    158,
    182
  ]
}
*/
============================= test.tsx_test_component_3ghsHSPcTK0.js (ENTRY POINT)==

import { qrl, useComputedQrl, useTaskQrl } from "@qwik.dev/core";
export const test_component_3ghsHSPcTK0 = ({ color, ...props })=>{
	/*#__PURE__*/ useComputedQrl(/*#__PURE__*/ qrl(i_T02e7s0RAk8, "test_component_useComputed_T02e7s0RAk8"));
	/*#__PURE__*/ useTaskQrl(/*#__PURE__*/ qrl(i_F6JQKR8P1Ko, "test_component_useTask_F6JQKR8P1Ko"));
	return "hi";
};


None
/*
{
  "origin": "test.tsx",
  "name": "test_component_3ghsHSPcTK0",
  "entry": "entry_segments",
  "displayName": "test.tsx_test_component",
  "hash": "3ghsHSPcTK0",
  "canonicalFilename": "test.tsx_test_component_3ghsHSPcTK0",
  "path": "",
  "extension": "js",
  "parent": null,
  "ctxKind": "function",
  "ctxName": "component$",
  "captures": false,
  "loc": [
    95,
    198
  ]
}
*/
== DIAGNOSTICS ==

[]
