---
source: optimizer/src/spec_parity_tests.rs
expression: output
---
==INPUT==

import { $, component$, server$ } from '@qwik.dev/core';
export const Works = component$((props) => {
	const text = 'hola';
	return (
		<div onClick$={server$(() => console.log('in server', text))}></div>
	);
});

============================= test.js ==

import { componentQrl, qrl } from "@qwik.dev/core";
const i_OsNoEFc5SM4 = ()=>import("./test.tsx_Works_component_div_onClick_server_OsNoEFc5SM4");
const i_t45qL4vNGv0 = ()=>import("./test.tsx_Works_component_t45qL4vNGv0");
export const Works = /*#__PURE__*/ componentQrl(/*#__PURE__*/ qrl(i_t45qL4vNGv0, "Works_component_t45qL4vNGv0"));


None
============================= test.tsx_Works_component_div_onClick_server_OsNoEFc5SM4.js (ENTRY POINT)==

export const Works_component_div_onClick_server_OsNoEFc5SM4 = ()=>{
	const [text] = useLexicalScope();
	return console.log("in server", text);
};


None
/*
{
  "origin": "test.tsx",
  "name": "Works_component_div_onClick_server_OsNoEFc5SM4",
  "entry": "entry_segments",
  "displayName": "test.tsx_Works_component_div_onClick_server",
  "hash": "OsNoEFc5SM4",
  "canonicalFilename": "test.tsx_Works_component_div_onClick_server_OsNoEFc5SM4",
  "path": "",
  "extension": "js",
  "parent": "onClick",
  "ctxKind": "function",
  "ctxName": "server$",
  "captures": true,
  "loc": [
    159,
    195
  ]
}
*/
============================= test.tsx_Works_component_t45qL4vNGv0.js (ENTRY POINT)==

import { _jsxSorted, qrl, serverQrl } from "@qwik.dev/core";
const i_OsNoEFc5SM4 = ()=>import("./test.tsx_Works_component_div_onClick_server_OsNoEFc5SM4");
export const Works_component_t45qL4vNGv0 = (props)=>{
	const text = "hola";
	return /*#__PURE__*/ _jsxSorted("div", { on:click: /*#__PURE__*/ serverQrl(/*#__PURE__*/ qrl(i_OsNoEFc5SM4, "Works_component_div_onClick_server_OsNoEFc5SM4", [text])) }, null, null, 3, null);
};


None
/*
{
  "origin": "test.tsx",
  "name": "Works_component_t45qL4vNGv0",
  "entry": "entry_segments",
  "displayName": "test.tsx_Works_component",
  "hash": "t45qL4vNGv0",
  "canonicalFilename": "test.tsx_Works_component_t45qL4vNGv0",
  "path": "",
  "extension": "js",
  "parent": null,
  "ctxKind": "function",
  "ctxName": "component$",
  "captures": false,
  "loc": [
    89,
    210
  ]
}
*/
== DIAGNOSTICS ==

[]
