---
source: optimizer/src/spec_parity_tests.rs
expression: output
---
==INPUT==

import { $, component$ } from '@qwik.dev/core';

export const Foo = component$(() => {
	return $(() => {
		return (
			<div>
			</div>
		)
	});
}, {
	tagName: "my-foo",
});

============================= test.tsx ==

import { componentQrl, qrl } from "@qwik.dev/core";
const i_DvU6FitWglY = ()=>import("./test.tsx_Foo_component_1_DvU6FitWglY");
const i_HTDRsvUbLiE = ()=>import("./test.tsx_Foo_component_HTDRsvUbLiE");
export const Foo = /*#__PURE__*/ componentQrl(/*#__PURE__*/ qrl(i_HTDRsvUbLiE, "Foo_component_HTDRsvUbLiE"));


None
============================= test.tsx_Foo_component_HTDRsvUbLiE.tsx (ENTRY POINT)==

import { qrl } from "@qwik.dev/core";
export const Foo_component_HTDRsvUbLiE = ()=>{
	return /*#__PURE__*/ qrl(i_DvU6FitWglY, "Foo_component_1_DvU6FitWglY");
};


None
/*
{
  "origin": "test.tsx",
  "name": "Foo_component_HTDRsvUbLiE",
  "entry": null,
  "displayName": "test.tsx_Foo_component",
  "hash": "HTDRsvUbLiE",
  "canonicalFilename": "test.tsx_Foo_component_HTDRsvUbLiE",
  "path": "",
  "extension": "tsx",
  "parent": null,
  "ctxKind": "function",
  "ctxName": "component$",
  "captures": false,
  "loc": [
    79,
    145
  ]
}
*/
============================= test.tsx_Foo_component_1_DvU6FitWglY.tsx (ENTRY POINT)==

export const Foo_component_1_DvU6FitWglY = ()=>{
	return <div>
			</div>;
};


None
/*
{
  "origin": "test.tsx",
  "name": "Foo_component_1_DvU6FitWglY",
  "entry": null,
  "displayName": "test.tsx_Foo_component_1",
  "hash": "DvU6FitWglY",
  "canonicalFilename": "test.tsx_Foo_component_1_DvU6FitWglY",
  "path": "",
  "extension": "tsx",
  "parent": "component",
  "ctxKind": "function",
  "ctxName": "$",
  "captures": false,
  "loc": [
    97,
    141
  ]
}
*/
== DIAGNOSTICS ==

[]
