---
source: optimizer/src/spec_parity_tests.rs
expression: output
---
==INPUT==

import { component$, useSignal } from '@qwik.dev/core';


export default component$(() => {
const toggle = useSignal(true);
const t = (key: string) => key;
return (
	<button
		type="button"
		title={
		toggle.value !== ''
			? t('app.message.exists@@there is a message for you')
			: t('app.message.not_exists@@click to get a message!')
		}
	></button>
);
});

============================= test.js ==

import { componentQrl, qrl } from "@qwik.dev/core";
const i_3ghsHSPcTK0 = ()=>import("./test.tsx_test_component_3ghsHSPcTK0");
export default /*#__PURE__*/ componentQrl(/*#__PURE__*/ qrl(i_3ghsHSPcTK0, "test_component_3ghsHSPcTK0"));


None
============================= test.tsx_test_component_3ghsHSPcTK0.js (ENTRY POINT)==

import { _jsxSorted, useSignal } from "@qwik.dev/core";
export const test_component_3ghsHSPcTK0 = ()=>{
	const toggle = useSignal(true);
	const t = (key)=>key;
	return /*#__PURE__*/ _jsxSorted("button", { title: toggle.value !== "" ? t("app.message.exists@@there is a message for you") : t("app.message.not_exists@@click to get a message!") }, { type: "button" }, null, 3, null);
};


None
/*
{
  "origin": "test.tsx",
  "name": "test_component_3ghsHSPcTK0",
  "entry": null,
  "displayName": "test.tsx_test_component",
  "hash": "3ghsHSPcTK0",
  "canonicalFilename": "test.tsx_test_component_3ghsHSPcTK0",
  "path": "",
  "extension": "js",
  "parent": null,
  "ctxKind": "function",
  "ctxName": "component$",
  "captures": false,
  "loc": [
    84,
    357
  ]
}
*/
== DIAGNOSTICS ==

[]
