---
source: optimizer/src/spec_parity_tests.rs
expression: output
---
==INPUT==

import { component$, useStore } from '@qwik.dev/core';

export const App = component$((props: Stuff) => {
	return (
		<Cmp>
			<p class="stuff" onClick$={() => console.log('warn')}>Hello Qwik</p>
		</Cmp>
	);
});

============================= test.tsx ==

import { componentQrl, qrl } from "@qwik.dev/core";
const i_ckEPmXZlub0 = ()=>import("./test.tsx_App_component_ckEPmXZlub0");
export const App = /*#__PURE__*/ componentQrl(/*#__PURE__*/ qrl(i_ckEPmXZlub0, "App_component_ckEPmXZlub0"));


None
============================= test.tsx_App_component_ckEPmXZlub0.tsx (ENTRY POINT)==

import { qrl } from "@qwik.dev/core";
const i_onClick = ()=>import("./test.tsx");
export const App_component_ckEPmXZlub0 = (props)=>{
	return <Cmp>
			<p class="stuff" on:click={/*#__PURE__*/ qrl(i_onClick, "App_component_Cmp_p_onClick")}>Hello Qwik</p>
		</Cmp>;
};


None
/*
{
  "origin": "test.tsx",
  "name": "App_component_ckEPmXZlub0",
  "entry": "entry_segments",
  "displayName": "test.tsx_App_component",
  "hash": "ckEPmXZlub0",
  "canonicalFilename": "test.tsx_App_component_ckEPmXZlub0",
  "path": "",
  "extension": "tsx",
  "parent": null,
  "ctxKind": "function",
  "ctxName": "component$",
  "captures": false,
  "loc": [
    86,
    210
  ]
}
*/
== DIAGNOSTICS ==

[]
