---
source: optimizer/src/spec_parity_tests.rs
expression: output
---
==INPUT==

import { component$, $, useSignal } from '@qwik.dev/core';
export const Cmp = component$(() => {
	const toggleSig = useSignal(false);

	const handleClick$ = $(() => {
		toggleSig.value = !toggleSig.value;
	});

	return (
		<button onClick$={handleClick$} data-open={toggleSig.value ? true : undefined}>
			Removing data-open re-renders
		</button>
	);
});

============================= test.js ==

import { componentQrl, qrl } from "@qwik.dev/core";
const i_3XP0LRiVj8c = ()=>import("./test.tsx_Cmp_component_handleClick_1_3XP0LRiVj8c");
const i_4ryKJTOKjWE = ()=>import("./test.tsx_Cmp_component_4ryKJTOKjWE");
export const Cmp = /*#__PURE__*/ componentQrl(/*#__PURE__*/ qrl(i_4ryKJTOKjWE, "Cmp_component_4ryKJTOKjWE"));


None
============================= test.tsx_Cmp_component_4ryKJTOKjWE.js (ENTRY POINT)==

import { _jsxSorted, qrl, useSignal } from "@qwik.dev/core";
const i_3XP0LRiVj8c = ()=>import("./test.tsx_Cmp_component_handleClick_1_3XP0LRiVj8c");
export const Cmp_component_4ryKJTOKjWE = ()=>{
	const toggleSig = useSignal(false);
	const handleClick$ = /*#__PURE__*/ qrl(i_3XP0LRiVj8c, "Cmp_component_handleClick_1_3XP0LRiVj8c", [toggleSig]);
	return /*#__PURE__*/ _jsxSorted("button", { data-open: toggleSig.value ? true : undefined }, { on:click: handleClick$ }, "Removing data-open re-renders", 3, null);
};


None
/*
{
  "origin": "test.tsx",
  "name": "Cmp_component_4ryKJTOKjWE",
  "entry": null,
  "displayName": "test.tsx_Cmp_component",
  "hash": "4ryKJTOKjWE",
  "canonicalFilename": "test.tsx_Cmp_component_4ryKJTOKjWE",
  "path": "",
  "extension": "js",
  "parent": null,
  "ctxKind": "function",
  "ctxName": "component$",
  "captures": false,
  "loc": [
    89,
    353
  ]
}
*/
============================= test.tsx_Cmp_component_handleClick_1_3XP0LRiVj8c.js (ENTRY POINT)==

export const Cmp_component_handleClick_1_3XP0LRiVj8c = ()=>{
	const [toggleSig] = useLexicalScope();
	toggleSig.value = !toggleSig.value;
};


None
/*
{
  "origin": "test.tsx",
  "name": "Cmp_component_handleClick_1_3XP0LRiVj8c",
  "entry": null,
  "displayName": "test.tsx_Cmp_component_handleClick_1",
  "hash": "3XP0LRiVj8c",
  "canonicalFilename": "test.tsx_Cmp_component_handleClick_1_3XP0LRiVj8c",
  "path": "",
  "extension": "js",
  "parent": "handleClick",
  "ctxKind": "function",
  "ctxName": "$",
  "captures": true,
  "loc": [
    159,
    207
  ]
}
*/
== DIAGNOSTICS ==

[]
