---
source: optimizer/src/spec_parity_tests.rs
expression: output
---
==INPUT==

import { component$, useSignal, Signal } from '@qwik.dev/core';
const Foo = component$(function() {
  const data = useSignal<Signal<any>[]>([]);
  return <div>
	{data.value.map((row, idx) => (
	  <div onClick$={() => console.log(row.value.id, idx)} onMouseOver$={() => console.log('over' + row.value.id)}>
		<p onClick$={() => console.log('inner' + row.value.id)}>{item.value.id}</p>
	  </div>
	))}
  </div>;
})

============================= test.js ==

import { componentQrl, qrl } from "@qwik.dev/core";
const i_gZqPatVoDqw = ()=>import("./test.tsx_Foo_component_gZqPatVoDqw");
/*#__PURE__*/ componentQrl(/*#__PURE__*/ qrl(i_gZqPatVoDqw, "Foo_component_gZqPatVoDqw"));


None
============================= test.tsx_Foo_component_div_map_div_onMouseOver_Q0uudMQZHCA.js (ENTRY POINT)==

export const Foo_component_div_map_div_onMouseOver_Q0uudMQZHCA = (_, _1, row)=>console.log("over" + row.value.id);


None
/*
{
  "origin": "test.tsx",
  "name": "Foo_component_div_map_div_onMouseOver_Q0uudMQZHCA",
  "entry": null,
  "displayName": "test.tsx_Foo_component_div_map_div_onMouseOver",
  "hash": "Q0uudMQZHCA",
  "canonicalFilename": "test.tsx_Foo_component_div_map_div_onMouseOver_Q0uudMQZHCA",
  "path": "",
  "extension": "js",
  "parent": null,
  "ctxKind": "eventHandler",
  "ctxName": "onMouseOver$",
  "captures": false,
  "loc": [
    0,
    0
  ]
}
*/
============================= test.tsx_Foo_component_gZqPatVoDqw.js (ENTRY POINT)==

import { _jsxSorted, qrl, useSignal } from "@qwik.dev/core";
const i_y9dqu3LYito = ()=>import("./test.tsx_Foo_component_div_map_div_p_onClick_y9dqu3LYito");
const i_Q0uudMQZHCA = ()=>import("./test.tsx_Foo_component_div_map_div_onMouseOver_Q0uudMQZHCA");
const i_zM4Cumgzius = ()=>import("./test.tsx_Foo_component_div_map_div_onClick_zM4Cumgzius");
export const Foo_component_gZqPatVoDqw = function() {
	const data = useSignal([]);
	return /*#__PURE__*/ _jsxSorted("div", null, null, data.value.map((row, idx)=>/*#__PURE__*/ _jsxSorted("div", {
		q:ps: [idx, row],
		on:click: /*#__PURE__*/ qrl(i_zM4Cumgzius, "Foo_component_div_map_div_onClick_zM4Cumgzius"),
		on:mouseover: /*#__PURE__*/ qrl(i_Q0uudMQZHCA, "Foo_component_div_map_div_onMouseOver_Q0uudMQZHCA")
	}, null, /*#__PURE__*/ _jsxSorted("p", {
		q:p: row,
		on:click: /*#__PURE__*/ qrl(i_y9dqu3LYito, "Foo_component_div_map_div_p_onClick_y9dqu3LYito")
	}, null, item.value.id, 1, null), 3, null)), 1, null);
};


None
/*
{
  "origin": "test.tsx",
  "name": "Foo_component_gZqPatVoDqw",
  "entry": null,
  "displayName": "test.tsx_Foo_component",
  "hash": "gZqPatVoDqw",
  "canonicalFilename": "test.tsx_Foo_component_gZqPatVoDqw",
  "path": "",
  "extension": "js",
  "parent": null,
  "ctxKind": "function",
  "ctxName": "component$",
  "captures": false,
  "loc": [
    87,
    410
  ]
}
*/
============================= test.tsx_Foo_component_div_map_div_p_onClick_y9dqu3LYito.js (ENTRY POINT)==

export const Foo_component_div_map_div_p_onClick_y9dqu3LYito = (_, _1, row)=>console.log("inner" + row.value.id);


None
/*
{
  "origin": "test.tsx",
  "name": "Foo_component_div_map_div_p_onClick_y9dqu3LYito",
  "entry": null,
  "displayName": "test.tsx_Foo_component_div_map_div_p_onClick",
  "hash": "y9dqu3LYito",
  "canonicalFilename": "test.tsx_Foo_component_div_map_div_p_onClick_y9dqu3LYito",
  "path": "",
  "extension": "js",
  "parent": null,
  "ctxKind": "eventHandler",
  "ctxName": "onClick$",
  "captures": false,
  "loc": [
    0,
    0
  ]
}
*/
============================= test.tsx_Foo_component_div_map_div_onClick_zM4Cumgzius.js (ENTRY POINT)==

export const Foo_component_div_map_div_onClick_zM4Cumgzius = (_, _1, idx, row)=>console.log(row.value.id, idx);


None
/*
{
  "origin": "test.tsx",
  "name": "Foo_component_div_map_div_onClick_zM4Cumgzius",
  "entry": null,
  "displayName": "test.tsx_Foo_component_div_map_div_onClick",
  "hash": "zM4Cumgzius",
  "canonicalFilename": "test.tsx_Foo_component_div_map_div_onClick_zM4Cumgzius",
  "path": "",
  "extension": "js",
  "parent": null,
  "ctxKind": "eventHandler",
  "ctxName": "onClick$",
  "captures": false,
  "loc": [
    0,
    0
  ]
}
*/
== DIAGNOSTICS ==

[]
