---
source: optimizer/src/spec_parity_tests.rs
expression: output
---
==INPUT==

/* @jsxImportSource react */

import { qwikify$ } from './qwikfy';

export const App = () => (
	<div onClick$={()=>console.log('App')}></div>
);

export const App2 = qwikify$(() => (
	<div onClick$={()=>console.log('App2')}></div>
));

============================= test.js ==

import { qwikifyQrl } from "./qwikfy";
import { _jsxSorted, qrl, qwikifyQrl } from "@qwik.dev/core";
const i_onClick = ()=>import("./test.tsx");
const i_4Tc4MzcFY0U = ()=>import("./test.tsx_App2_qwikify_4Tc4MzcFY0U");
export const App = ()=>/*#__PURE__*/ _jsxSorted("div", { on:click: /*#__PURE__*/ qrl(i_onClick, "App_div_onClick") }, null, null, 3, null);
export const App2 = /*#__PURE__*/ qwikifyQrl(/*#__PURE__*/ qrl(i_4Tc4MzcFY0U, "App2_qwikify_4Tc4MzcFY0U"));


None
============================= test.tsx_App2_qwikify_4Tc4MzcFY0U.js (ENTRY POINT)==

import { _jsxSorted, qrl } from "@qwik.dev/core";
const i_onClick = ()=>import("./test.tsx");
export const App2_qwikify_4Tc4MzcFY0U = ()=>/*#__PURE__*/ _jsxSorted("div", { on:click: /*#__PURE__*/ qrl(i_onClick, "App2_qwikify_div_onClick") }, null, null, 3, null);


None
/*
{
  "origin": "test.tsx",
  "name": "App2_qwikify_4Tc4MzcFY0U",
  "entry": null,
  "displayName": "test.tsx_App2_qwikify",
  "hash": "4Tc4MzcFY0U",
  "canonicalFilename": "test.tsx_App2_qwikify_4Tc4MzcFY0U",
  "path": "",
  "extension": "js",
  "parent": null,
  "ctxKind": "function",
  "ctxName": "qwikify$",
  "captures": false,
  "loc": [
    175,
    232
  ]
}
*/
== DIAGNOSTICS ==

[]
