---
source: optimizer/src/spec_parity_tests.rs
expression: output
---
==INPUT==

import { componentQrl, inlinedQrl, useStore, jsxs, jsx, useLexicalScope } from '@qwik.dev/core';

export const App = /*#__PURE__*/ componentQrl(inlinedQrl(()=>{
	useStyles$(inlinedQrl(STYLES, "STYLES_odz7dfdfdM"));
	useStyles$(inlinedQrl(STYLES, "STYLES_odzdfdfdM"));

	const store = useStore({
		count: 0
	});
	return /*#__PURE__*/ jsxs("div", {
		children: [
			/*#__PURE__*/ jsxs("p", {
				children: [
					"Count: ",
					store.count
				]
			}),
			/*#__PURE__*/ jsx("p", {
				children: /*#__PURE__*/ jsx("button", {
					onClick$: inlinedQrl(()=>{
						const [store] = useLexicalScope();
						return store.count++;
					}, "App_component_div_p_button_onClick_odz7eidI4GM", [
						store
					]),
					children: "Click"
				})
			})
		]
	});
}, "App_component_Fh88JClhbC0"));

export const STYLES = ".red { color: red; }";

============================= test.tsx ==

import { componentQrl, inlinedQrl, jsx, jsxs, qrl, useLexicalScope, useStylesQrl } from "@qwik.dev/core";
const i_eh7w9rBhR90 = ()=>import("./test.tsx_App_componentQrl_inlinedQrl_useStyles_eh7w9rBhR90");
const i_HMw0Z8eLFig = ()=>import("./test.tsx_App_componentQrl_inlinedQrl_useStyles_1_HMw0Z8eLFig");
export const App = /*#__PURE__*/ componentQrl(inlinedQrl(()=>{
	/*#__PURE__*/ useStylesQrl(/*#__PURE__*/ qrl(i_eh7w9rBhR90, "s_eh7w9rBhR90"));
	/*#__PURE__*/ useStylesQrl(/*#__PURE__*/ qrl(i_HMw0Z8eLFig, "s_HMw0Z8eLFig"));
	const store = /*#__PURE__*/ useStylesQrl(/*#__PURE__*/ qrl(i_HMw0Z8eLFig, "s_HMw0Z8eLFig"));
	return /*#__PURE__*/ jsxs("div", { children: [/*#__PURE__*/ jsxs("p", { children: ["Count: ", store.count] }), /*#__PURE__*/ jsx("p", { children: /*#__PURE__*/ jsx("button", {
		onClick$: inlinedQrl(()=>{
			const [store] = useLexicalScope();
			return store.count++;
		}, "App_component_div_p_button_onClick_odz7eidI4GM", [store]),
		children: "Click"
	}) })] });
}, "App_component_Fh88JClhbC0"));
export const STYLES = ".red { color: red; }";


None
============================= test.tsx_App_componentQrl_inlinedQrl_useStyles_1_HMw0Z8eLFig.tsx (ENTRY POINT)==

const i_eh7w9rBhR90 = ()=>import("./test.tsx_App_componentQrl_inlinedQrl_useStyles_eh7w9rBhR90");
export const s_HMw0Z8eLFig = useStylesQrl(i_eh7w9rBhR90, "s_eh7w9rBhR90");


None
/*
{
  "origin": "test.tsx",
  "name": "s_HMw0Z8eLFig",
  "entry": "entry_segments",
  "displayName": "test.tsx_App_componentQrl_inlinedQrl_useStyles_1",
  "hash": "HMw0Z8eLFig",
  "canonicalFilename": "test.tsx_App_componentQrl_inlinedQrl_useStyles_1_HMw0Z8eLFig",
  "path": "",
  "extension": "tsx",
  "parent": null,
  "ctxKind": "function",
  "ctxName": "useStyles$",
  "captures": false,
  "loc": [
    227,
    265
  ]
}
*/
============================= test.tsx_App_componentQrl_inlinedQrl_useStyles_eh7w9rBhR90.tsx (ENTRY POINT)==

import { inlinedQrl } from "@qwik.dev/core";
export const s_eh7w9rBhR90 = inlinedQrl(STYLES, "STYLES_odz7dfdfdM");


None
/*
{
  "origin": "test.tsx",
  "name": "s_eh7w9rBhR90",
  "entry": "entry_segments",
  "displayName": "test.tsx_App_componentQrl_inlinedQrl_useStyles",
  "hash": "eh7w9rBhR90",
  "canonicalFilename": "test.tsx_App_componentQrl_inlinedQrl_useStyles_eh7w9rBhR90",
  "path": "",
  "extension": "tsx",
  "parent": null,
  "ctxKind": "function",
  "ctxName": "useStyles$",
  "captures": false,
  "loc": [
    173,
    212
  ]
}
*/
== DIAGNOSTICS ==

[]
