---
source: optimizer/src/spec_parity_tests.rs
expression: output
---
==INPUT==

import { component$ } from '@qwik.dev/core';

export default component$(() => {
	return (
		<div onClick$={() => console.log(mongodb)}>
		</div>
	);
});

============================= src/components/mongo/index.tsx ==

import { componentQrl, qrl } from "@qwik.dev/core";
const i_Hb9awKgAnpI = ()=>import("./index.tsx_index.tsx_component_Hb9awKgAnpI");
export default /*#__PURE__*/ componentQrl(/*#__PURE__*/ qrl(i_Hb9awKgAnpI, "index.tsx_component_Hb9awKgAnpI"));


None
============================= src/components/mongo/index.tsx_index.tsx_component_Hb9awKgAnpI.tsx (ENTRY POINT)==

import { qrl } from "@qwik.dev/core";
const i_onClick = ()=>import("./index.tsx");
export const index.tsx_component_Hb9awKgAnpI = ()=>{
	return <div on:click={/*#__PURE__*/ qrl(i_onClick, "component_div_onClick")}>
		</div>;
};


None
/*
{
  "origin": "src/components/mongo/index.tsx",
  "name": "index.tsx_component_Hb9awKgAnpI",
  "entry": "entry_segments",
  "displayName": "index.tsx_component",
  "hash": "Hb9awKgAnpI",
  "canonicalFilename": "index.tsx_index.tsx_component_Hb9awKgAnpI",
  "path": "src/components/mongo",
  "extension": "tsx",
  "parent": null,
  "ctxKind": "function",
  "ctxName": "component$",
  "captures": false,
  "loc": [
    72,
    150
  ]
}
*/
== DIAGNOSTICS ==

[]
