---
source: optimizer/src/spec_parity_tests.rs
expression: output
---
==INPUT==

import { component$, $ } from '@qwik.dev/core';
import json from "./foo.json" assert { type: "json" };

export const Greeter = component$(() => {
	return json;
});

============================= test.js ==

import { componentQrl, qrl } from "@qwik.dev/core";
const i_l5Al0251s9w = ()=>import("./test.tsx_test.tsx_Greeter_component_l5Al0251s9w");
export const Greeter = /*#__PURE__*/ componentQrl(/*#__PURE__*/ qrl(i_l5Al0251s9w, "test.tsx_Greeter_component_l5Al0251s9w"));


None
============================= test.tsx_test.tsx_Greeter_component_l5Al0251s9w.js (ENTRY POINT)==

import json from "./foo.json";
export const test.tsx_Greeter_component_l5Al0251s9w = ()=>{
	return json;
};


None
/*
{
  "origin": "test.tsx",
  "name": "test.tsx_Greeter_component_l5Al0251s9w",
  "entry": null,
  "displayName": "test.tsx_Greeter_component",
  "hash": "l5Al0251s9w",
  "canonicalFilename": "test.tsx_test.tsx_Greeter_component_l5Al0251s9w",
  "path": "",
  "extension": "js",
  "parent": null,
  "ctxKind": "function",
  "ctxName": "component$",
  "captures": false,
  "loc": [
    138,
    161
  ]
}
*/
== DIAGNOSTICS ==

[]
