---
source: optimizer/src/spec_parity_tests.rs
expression: output
---
==INPUT==

import { component$ } from '@qwik.dev/core';

export const FOO_MAPPING = {
	A: 1,
	B: 2,
	C: 3,
	};

	export default component$(() => {
	const key = 'A';
	const value = FOO_MAPPING[key];

	return <>{value}</>;
	});

============================= test.tsx ==

import { componentQrl, qrl } from "@qwik.dev/core";
const i_G7jVUwdBFEM = ()=>import("./test.tsx_test.tsx_component_G7jVUwdBFEM");
export const FOO_MAPPING = {
	A: 1,
	B: 2,
	C: 3
};
export default /*#__PURE__*/ componentQrl(/*#__PURE__*/ qrl(i_G7jVUwdBFEM, "test.tsx_component_G7jVUwdBFEM"));


None
============================= test.tsx_test.tsx_component_G7jVUwdBFEM.tsx (ENTRY POINT)==

import { FOO_MAPPING } from "./test";
export const test.tsx_component_G7jVUwdBFEM = ()=>{
	const key = "A";
	const value = FOO_MAPPING[key];
	return <>{value}</>;
};


None
/*
{
  "origin": "test.tsx",
  "name": "test.tsx_component_G7jVUwdBFEM",
  "entry": "entry_segments",
  "displayName": "test.tsx_component",
  "hash": "G7jVUwdBFEM",
  "canonicalFilename": "test.tsx_test.tsx_component_G7jVUwdBFEM",
  "path": "",
  "extension": "tsx",
  "parent": null,
  "ctxKind": "function",
  "ctxName": "component$",
  "captures": false,
  "loc": [
    128,
    212
  ]
}
*/
== DIAGNOSTICS ==

[]
