---
source: optimizer/src/spec_parity_tests.rs
expression: output
---
==INPUT==

export default ({ data }: { data: any }) => {
  return (
    <div
      data-is-active={data.selectedOutputDetail === 'options'}
      onClick$={() => {
        data.selectedOutputDetail = 'options';
      }}
    />
  );
};

============================= test.js ==

import { qrl } from "@qwik.dev/core";
import { _jsxSorted } from "@qwik.dev/core";
const i_onClick = ()=>import("./test.tsx");
export default ({ data })=>{
	return /*#__PURE__*/ _jsxSorted("div", {
		data-is-active: data.selectedOutputDetail === "options",
		"on:click": /*#__PURE__*/ qrl(i_onClick, "test_div_onClick")
	}, null, null, 3, null);
};


None
== DIAGNOSTICS ==

[]
