---
source: optimizer/src/spec_parity_tests.rs
expression: output
---
==INPUT==

import { $, component$, useSignal, Signal } from '@qwik.dev/core';
const Foo = component$(function() {
  const data = useSignal<Signal<any>[]>([]);
  const Inner = component$(function(props) {
    const data = props.data
    return <div>{data.value.map(item => <p onClick$={() => console.log(item.value.id)}>{item.value.id}</p>)}</div>
  })
  return <Inner data={data} />
})

============================= test.js ==

import { componentQrl, qrl } from "@qwik.dev/core";
const i_Iudj4Vw9nGc = ()=>import("./test.tsx_Foo_component_Inner_component_Iudj4Vw9nGc");
const i_gZqPatVoDqw = ()=>import("./test.tsx_Foo_component_gZqPatVoDqw");
const _hf0 = (p0)=>p0.value.id;
const _hf0_str = "p0.value.id";
/*#__PURE__*/ componentQrl(/*#__PURE__*/ qrl(i_gZqPatVoDqw, "Foo_component_gZqPatVoDqw"));


None
============================= test.tsx_Foo_component_Inner_component_Iudj4Vw9nGc.js (ENTRY POINT)==

import { _fnSignal, _jsxSorted, qrl } from "@qwik.dev/core";
const i_0RBjZkUmq34 = ()=>import("./test.tsx_Foo_component_Inner_component_div_map_p_onClick_0RBjZkUmq34");
export const Foo_component_Inner_component_Iudj4Vw9nGc = function(props) {
	const [data] = useLexicalScope();
	const data = props.data;
	return /*#__PURE__*/ _jsxSorted("div", null, null, data.value.map((item)=>/*#__PURE__*/ _jsxSorted("p", {
		q:p: item,
		on:click: /*#__PURE__*/ qrl(i_0RBjZkUmq34, "Foo_component_Inner_component_div_map_p_onClick_0RBjZkUmq34")
	}, null, _fnSignal(_hf0, [item], _hf0_str), 1, null)), 1, null);
};


None
/*
{
  "origin": "test.tsx",
  "name": "Foo_component_Inner_component_Iudj4Vw9nGc",
  "entry": null,
  "displayName": "test.tsx_Foo_component_Inner_component",
  "hash": "Iudj4Vw9nGc",
  "canonicalFilename": "test.tsx_Foo_component_Inner_component_Iudj4Vw9nGc",
  "path": "",
  "extension": "js",
  "parent": "$1",
  "ctxKind": "function",
  "ctxName": "component$",
  "captures": true,
  "loc": [
    175,
    339
  ]
}
*/
============================= test.tsx_Foo_component_Inner_component_div_map_p_onClick_0RBjZkUmq34.js (ENTRY POINT)==

export const Foo_component_Inner_component_div_map_p_onClick_0RBjZkUmq34 = (_, _1, item)=>console.log(item.value.id);


None
/*
{
  "origin": "test.tsx",
  "name": "Foo_component_Inner_component_div_map_p_onClick_0RBjZkUmq34",
  "entry": null,
  "displayName": "test.tsx_Foo_component_Inner_component_div_map_p_onClick",
  "hash": "0RBjZkUmq34",
  "canonicalFilename": "test.tsx_Foo_component_Inner_component_div_map_p_onClick_0RBjZkUmq34",
  "path": "",
  "extension": "js",
  "parent": null,
  "ctxKind": "eventHandler",
  "ctxName": "onClick$",
  "captures": false,
  "loc": [
    0,
    0
  ]
}
*/
============================= test.tsx_Foo_component_gZqPatVoDqw.js (ENTRY POINT)==

import { _jsxSorted, componentQrl, qrl, useSignal } from "@qwik.dev/core";
const i_Iudj4Vw9nGc = ()=>import("./test.tsx_Foo_component_Inner_component_Iudj4Vw9nGc");
export const Foo_component_gZqPatVoDqw = function() {
	const data = useSignal([]);
	const Inner = /*#__PURE__*/ componentQrl(/*#__PURE__*/ qrl(i_Iudj4Vw9nGc, "Foo_component_Inner_component_Iudj4Vw9nGc", [data]));
	return _jsxSorted(Inner, null, { data }, null, 3, null);
};


None
/*
{
  "origin": "test.tsx",
  "name": "Foo_component_gZqPatVoDqw",
  "entry": null,
  "displayName": "test.tsx_Foo_component",
  "hash": "gZqPatVoDqw",
  "canonicalFilename": "test.tsx_Foo_component_gZqPatVoDqw",
  "path": "",
  "extension": "js",
  "parent": null,
  "ctxKind": "function",
  "ctxName": "component$",
  "captures": false,
  "loc": [
    90,
    373
  ]
}
*/
== DIAGNOSTICS ==

[]
