---
source: optimizer/src/spec_parity_tests.rs
expression: output
---
==INPUT==

import { component$, $ } from '@qwik.dev/core';
import { CustomComponent } from './custom-component';
import { AnotherComponent } from './another-component';

export const Greeter = component$(() => {
	return (
		<div>
			<CustomComponent onClick$={() => {}}/>
			{array.map(item => (
				<AnotherComponent onClick$={() => {}}/>
			))}
		</div>
	)
});

============================= test.tsx ==

import { componentQrl, qrl } from "@qwik.dev/core";
const i_n7HuG2hhU0Q = ()=>import("./test.tsx_Greeter_component_n7HuG2hhU0Q");
export const Greeter = /*#__PURE__*/ componentQrl(/*#__PURE__*/ qrl(i_n7HuG2hhU0Q, "Greeter_component_n7HuG2hhU0Q"));


None
============================= test.tsx_Greeter_component_div_map_AnotherComponent_onClick_V6k9qQ2eg0s.tsx (ENTRY POINT)==

export const Greeter_component_div_map_AnotherComponent_onClick_V6k9qQ2eg0s = ()=>{};


None
/*
{
  "origin": "test.tsx",
  "name": "Greeter_component_div_map_AnotherComponent_onClick_V6k9qQ2eg0s",
  "entry": null,
  "displayName": "test.tsx_Greeter_component_div_map_AnotherComponent_onClick",
  "hash": "V6k9qQ2eg0s",
  "canonicalFilename": "test.tsx_Greeter_component_div_map_AnotherComponent_onClick_V6k9qQ2eg0s",
  "path": "",
  "extension": "tsx",
  "parent": null,
  "ctxKind": "eventHandler",
  "ctxName": "onClick$",
  "captures": false,
  "loc": [
    0,
    0
  ]
}
*/
============================= test.tsx_Greeter_component_n7HuG2hhU0Q.tsx (ENTRY POINT)==

import { AnotherComponent } from "./another-component";
import { CustomComponent } from "./custom-component";
import { qrl } from "@qwik.dev/core";
const i_V6k9qQ2eg0s = ()=>import("./test.tsx_Greeter_component_div_map_AnotherComponent_onClick_V6k9qQ2eg0s");
const i_onClick = ()=>import("./test.tsx");
export const Greeter_component_n7HuG2hhU0Q = ()=>{
	return <div>
			<CustomComponent onClick$={/*#__PURE__*/ qrl(i_onClick, "Greeter_component_div_CustomComponent_onClick")} />
			{array.map((item)=><AnotherComponent onClick$={/*#__PURE__*/ qrl(i_V6k9qQ2eg0s, "Greeter_component_div_map_AnotherComponent_onClick_V6k9qQ2eg0s")} />)}
		</div>;
};


None
/*
{
  "origin": "test.tsx",
  "name": "Greeter_component_n7HuG2hhU0Q",
  "entry": null,
  "displayName": "test.tsx_Greeter_component",
  "hash": "n7HuG2hhU0Q",
  "canonicalFilename": "test.tsx_Greeter_component_n7HuG2hhU0Q",
  "path": "",
  "extension": "tsx",
  "parent": null,
  "ctxKind": "function",
  "ctxName": "component$",
  "captures": false,
  "loc": [
    193,
    349
  ]
}
*/
== DIAGNOSTICS ==

[]
