---
source: optimizer/src/spec_parity_tests.rs
expression: output
---
==INPUT==

import { $, component$, useTask$ } from '@qwik.dev/core';
import { CONST } from 'const';
export const Works = component$((props) => {
	const {countNested} = useStore({value:{count:0}}).value;
	const countNested2 = countNested;
	const {hello} = countNested2;
	const bye = hello.bye;
	const {ciao} = bye.italian;


	return (
		<div ciao={ciao} >{foo}</div>
	);
});

============================= test.tsx ==

import { componentQrl, qrl } from "@qwik.dev/core";
const i_xJyUXaLUiKw = ()=>import("./test.tsx_test.tsx_Works_component_xJyUXaLUiKw");
export const Works = /*#__PURE__*/ componentQrl(/*#__PURE__*/ qrl(i_xJyUXaLUiKw, "test.tsx_Works_component_xJyUXaLUiKw"));


None
============================= test.tsx_test.tsx_Works_component_xJyUXaLUiKw.tsx (ENTRY POINT)==

export const test.tsx_Works_component_xJyUXaLUiKw = (props)=>{
	const { countNested } = useStore({ value: { count: 0 } }).value;
	const countNested2 = countNested;
	const { hello } = countNested2;
	const bye = hello.bye;
	const { ciao } = bye.italian;
	return <div ciao={ciao}>{foo}</div>;
};


None
/*
{
  "origin": "test.tsx",
  "name": "test.tsx_Works_component_xJyUXaLUiKw",
  "entry": "entry_segments",
  "displayName": "test.tsx_Works_component",
  "hash": "xJyUXaLUiKw",
  "canonicalFilename": "test.tsx_test.tsx_Works_component_xJyUXaLUiKw",
  "path": "",
  "extension": "tsx",
  "parent": null,
  "ctxKind": "function",
  "ctxName": "component$",
  "captures": false,
  "loc": [
    121,
    360
  ]
}
*/
== DIAGNOSTICS ==

[]
