---
source: optimizer/src/spec_parity_tests.rs
expression: output
---
==INPUT==

import { $, component$ } from '@qwik.dev/core';
import {foo, bar as bbar} from "../state";
import * as dep2 from "dep2";
import dep3 from "dep3/something";

export const Header = component$(() => {
	return (
		<Header onClick={$((ev) => dep3(ev))}>
			{dep2.stuff()}{bbar()}
		</Header>
	);
});

export const App = component$(() => {
	return (
		<Header>{foo()}</Header>
	);
});

============================= project/test.tsx ==

import { componentQrl, qrl } from "@qwik.dev/core";
const i_XEnpzCIZ2Ww = ()=>import("./test.tsx_Header_component_Header_onClick_XEnpzCIZ2Ww");
const i_Xd7zePmM6xs = ()=>import("./test.tsx_Header_component_Xd7zePmM6xs");
const i_30fCGw8WAcc = ()=>import("./test.tsx_App_component_30fCGw8WAcc");
export const Header = /*#__PURE__*/ componentQrl(/*#__PURE__*/ qrl(i_Xd7zePmM6xs, "Header_component_Xd7zePmM6xs"));
export const App = /*#__PURE__*/ componentQrl(/*#__PURE__*/ qrl(i_30fCGw8WAcc, "App_component_30fCGw8WAcc"));


None
============================= test.tsx_Header_component_Xd7zePmM6xs.tsx (ENTRY POINT)==

import { bar as bbar } from "../state";
import { Header } from "./project/test";
import { qrl } from "@qwik.dev/core";
import * as dep2 from "dep2";
const i_XEnpzCIZ2Ww = ()=>import("./test.tsx_Header_component_Header_onClick_XEnpzCIZ2Ww");
export const Header_component_Xd7zePmM6xs = ()=>{
	return <Header onClick={/*#__PURE__*/ qrl(i_XEnpzCIZ2Ww, "Header_component_Header_onClick_XEnpzCIZ2Ww")}>
			{dep2.stuff()}{bbar()}
		</Header>;
};


None
/*
{
  "origin": "project/test.tsx",
  "name": "Header_component_Xd7zePmM6xs",
  "entry": "entry_segments",
  "displayName": "test.tsx_Header_component",
  "hash": "Xd7zePmM6xs",
  "canonicalFilename": "test.tsx_Header_component_Xd7zePmM6xs",
  "path": "project",
  "extension": "tsx",
  "parent": null,
  "ctxKind": "function",
  "ctxName": "component$",
  "captures": false,
  "loc": [
    190,
    292
  ]
}
*/
============================= test.tsx_Header_component_Header_onClick_XEnpzCIZ2Ww.tsx (ENTRY POINT)==

import dep3 from "dep3/something";
export const Header_component_Header_onClick_XEnpzCIZ2Ww = (ev)=>dep3(ev);


None
/*
{
  "origin": "project/test.tsx",
  "name": "Header_component_Header_onClick_XEnpzCIZ2Ww",
  "entry": "entry_segments",
  "displayName": "test.tsx_Header_component_Header_onClick",
  "hash": "XEnpzCIZ2Ww",
  "canonicalFilename": "test.tsx_Header_component_Header_onClick_XEnpzCIZ2Ww",
  "path": "project",
  "extension": "tsx",
  "parent": "component",
  "ctxKind": "function",
  "ctxName": "$",
  "captures": false,
  "loc": [
    229,
    245
  ]
}
*/
============================= test.tsx_App_component_30fCGw8WAcc.tsx (ENTRY POINT)==

import { foo } from "../state";
import { Header } from "./project/test";
export const App_component_30fCGw8WAcc = ()=>{
	return <Header>{foo()}</Header>;
};


None
/*
{
  "origin": "project/test.tsx",
  "name": "App_component_30fCGw8WAcc",
  "entry": "entry_segments",
  "displayName": "test.tsx_App_component",
  "hash": "30fCGw8WAcc",
  "canonicalFilename": "test.tsx_App_component_30fCGw8WAcc",
  "path": "project",
  "extension": "tsx",
  "parent": null,
  "ctxKind": "function",
  "ctxName": "component$",
  "captures": false,
  "loc": [
    326,
    376
  ]
}
*/
== DIAGNOSTICS ==

[]
