---
source: optimizer/src/spec_parity_tests.rs
expression: output
---
==INPUT==

import { $, component$ } from '@qwik.dev/core';
import thing from "../state";

export function foo() {
	return import("../foo/state2")
}

export const Header = component$(() => {
	return (
		<div>
			{import("../folder/state3")}
			{thing}
		</div>
	);
});

============================= project/folder/test.tsx ==

import { componentQrl, qrl } from "@qwik.dev/core";
const i_IBi0rCZj5ZQ = ()=>import("./test.tsx_Header_component_IBi0rCZj5ZQ");
export function foo() {
	return import("../foo/state2");
}
export const Header = /*#__PURE__*/ componentQrl(/*#__PURE__*/ qrl(i_IBi0rCZj5ZQ, "Header_component_IBi0rCZj5ZQ"));


None
============================= test.tsx_Header_component_IBi0rCZj5ZQ.tsx (ENTRY POINT)==

import thing from "../state";
export const Header_component_IBi0rCZj5ZQ = ()=>{
	return <div>
			{import("../folder/state3")}
			{thing}
		</div>;
};


None
/*
{
  "origin": "project/folder/test.tsx",
  "name": "Header_component_IBi0rCZj5ZQ",
  "entry": "entry_segments",
  "displayName": "test.tsx_Header_component",
  "hash": "IBi0rCZj5ZQ",
  "canonicalFilename": "test.tsx_Header_component_IBi0rCZj5ZQ",
  "path": "project/folder",
  "extension": "tsx",
  "parent": null,
  "ctxKind": "function",
  "ctxName": "component$",
  "captures": false,
  "loc": [
    171,
    254
  ]
}
*/
== DIAGNOSTICS ==

[]
