---
source: optimizer/src/spec_parity_tests.rs
expression: output
---
==INPUT==

import { $, component$ } from '@qwik.dev/core';

export const Header = component$(() => {
	console.log("mount");
	return (
		<div onClick={$((ctx) => console.log(ctx))}/>
	);
	});

const App = component$(() => {
	return (
		<Header/>
	);
});

============================= test.tsx ==

import { componentQrl, qrl } from "@qwik.dev/core";
const i_NeyHGN2dO7k = ()=>import("./test.tsx_Header_component_div_onClick_NeyHGN2dO7k");
const i_Qw9nV3mG0KQ = ()=>import("./test.tsx_Header_component_Qw9nV3mG0KQ");
const i_XumqEURaLxI = ()=>import("./test.tsx_App_component_XumqEURaLxI");
export const Header = /*#__PURE__*/ componentQrl(/*#__PURE__*/ qrl(i_Qw9nV3mG0KQ, "Header_component_Qw9nV3mG0KQ"));
/*#__PURE__*/ componentQrl(/*#__PURE__*/ qrl(i_XumqEURaLxI, "App_component_XumqEURaLxI"));


None
============================= test.tsx_App_component_XumqEURaLxI.tsx (ENTRY POINT)==

import { Header } from "./test";
export const App_component_XumqEURaLxI = ()=>{
	return <Header />;
};


None
/*
{
  "origin": "test.tsx",
  "name": "App_component_XumqEURaLxI",
  "entry": null,
  "displayName": "test.tsx_App_component",
  "hash": "XumqEURaLxI",
  "canonicalFilename": "test.tsx_App_component_XumqEURaLxI",
  "path": "",
  "extension": "tsx",
  "parent": null,
  "ctxKind": "function",
  "ctxName": "component$",
  "captures": false,
  "loc": [
    204,
    239
  ]
}
*/
============================= test.tsx_Header_component_Qw9nV3mG0KQ.tsx (ENTRY POINT)==

import { qrl } from "@qwik.dev/core";
const i_NeyHGN2dO7k = ()=>import("./test.tsx_Header_component_div_onClick_NeyHGN2dO7k");
export const Header_component_Qw9nV3mG0KQ = ()=>{
	console.log("mount");
	return <div onClick={/*#__PURE__*/ qrl(i_NeyHGN2dO7k, "Header_component_div_onClick_NeyHGN2dO7k")} />;
};


None
/*
{
  "origin": "test.tsx",
  "name": "Header_component_Qw9nV3mG0KQ",
  "entry": null,
  "displayName": "test.tsx_Header_component",
  "hash": "Qw9nV3mG0KQ",
  "canonicalFilename": "test.tsx_Header_component_Qw9nV3mG0KQ",
  "path": "",
  "extension": "tsx",
  "parent": null,
  "ctxKind": "function",
  "ctxName": "component$",
  "captures": false,
  "loc": [
    82,
    177
  ]
}
*/
============================= test.tsx_Header_component_div_onClick_NeyHGN2dO7k.tsx (ENTRY POINT)==

export const Header_component_div_onClick_NeyHGN2dO7k = (ctx)=>console.log(ctx);


None
/*
{
  "origin": "test.tsx",
  "name": "Header_component_div_onClick_NeyHGN2dO7k",
  "entry": null,
  "displayName": "test.tsx_Header_component_div_onClick",
  "hash": "NeyHGN2dO7k",
  "canonicalFilename": "test.tsx_Header_component_div_onClick_NeyHGN2dO7k",
  "path": "",
  "extension": "tsx",
  "parent": "component",
  "ctxKind": "function",
  "ctxName": "$",
  "captures": false,
  "loc": [
    141,
    166
  ]
}
*/
== DIAGNOSTICS ==

[]
