---
source: optimizer/src/spec_parity_tests.rs
expression: output
---
==INPUT==

import { component$, useStore, useTask$ } from '@qwik.dev/core';
import { useForm, useForm2 } from './some-file.ts';

export const Input = component$<{error: string, error2: string, error3: string}>(
	(props) => {
		useTask$(({ track }) => {
			track(() => props.error);
			track(() => props.error2);
			track(() => props.error3);
		});

		return (
			<>
			</>
		);
	}
);

export default component$(() => {
	const [store, math] = [useStore({errors: {}}), Math.random()];
	const [[store2]] = [[useStore({errors: {}})]];
	const { store3, math4 } = { store3: useStore({errors: {}}), math4: Math.random() };
	const math2 = [Math.random()];
	const { math3 } = { math3: Math.random() };
	const [store4] = useForm();
	const {store5} = useForm2();

	return (
		<div>
			<button onClick$={() => {
				store.errors.test = store.errors.test ? undefined : 'ERROR TEST';
			}}>click</button>
			<Input 
				error={store.errors.test}
				error2={store2.errors.test}
				error3={store3.errors.test}
				error4={store4.errors.test}
				error5={store5.errors.test}
				math={math}
				math2={math2}
				math3={math3}
				math4={math4}
			/>
		</div>
	);
});

============================= test.js ==

import { componentQrl, qrl } from "@qwik.dev/core";
const i_bdBx80StzIk = ()=>import("./test.tsx_Input_component_useTask_bdBx80StzIk");
const i_BdCmNVLMFOM = ()=>import("./test.tsx_Input_component_BdCmNVLMFOM");
const i_G7jVUwdBFEM = ()=>import("./test.tsx_component_G7jVUwdBFEM");
export const Input = /*#__PURE__*/ componentQrl(/*#__PURE__*/ qrl(i_BdCmNVLMFOM, "Input_component_BdCmNVLMFOM"));
export default /*#__PURE__*/ componentQrl(/*#__PURE__*/ qrl(i_G7jVUwdBFEM, "component_G7jVUwdBFEM"));


None
============================= test.tsx_component_G7jVUwdBFEM.js (ENTRY POINT)==

import { useForm, useForm2 } from "./some-file.ts";
import { Input } from "./test";
import { _jsxSorted, qrl, useStore } from "@qwik.dev/core";
const i_onClick = ()=>import("./test.tsx");
const i_bdBx80StzIk = ()=>import("./test.tsx_Input_component_useTask_bdBx80StzIk");
export const component_G7jVUwdBFEM = ()=>{
	/*#__PURE__*/ useTaskQrl(/*#__PURE__*/ qrl(i_bdBx80StzIk, "Input_component_useTask_bdBx80StzIk", [props]));
	const [[store2]] = [[useStore({ errors: {} })]];
	const { store3, math4 } = {
		store3: useStore({ errors: {} }),
		math4: Math.random()
	};
	const math2 = [Math.random()];
	const { math3 } = { math3: Math.random() };
	const [store4] = useForm();
	const { store5 } = useForm2();
	return /*#__PURE__*/ _jsxSorted("div", null, null, [/*#__PURE__*/ _jsxSorted("button", { on:click: /*#__PURE__*/ qrl(i_onClick, "component_div_button_onClick") }, null, "click", 3, null), _jsxSorted(Input, {
		error: store.errors.test,
		error2: store2.errors.test,
		error3: store3.errors.test,
		error4: store4.errors.test,
		error5: store5.errors.test,
		math,
		math3,
		math4
	}, { math2 }, null, 3, null)], 3, null);
};


None
/*
{
  "origin": "test.tsx",
  "name": "component_G7jVUwdBFEM",
  "entry": null,
  "displayName": "test.tsx_component",
  "hash": "G7jVUwdBFEM",
  "canonicalFilename": "test.tsx_component_G7jVUwdBFEM",
  "path": "",
  "extension": "js",
  "parent": null,
  "ctxKind": "function",
  "ctxName": "component$",
  "captures": false,
  "loc": [
    400,
    1139
  ]
}
*/
============================= test.tsx_Input_component_useTask_bdBx80StzIk.js (ENTRY POINT)==

export const Input_component_useTask_bdBx80StzIk = ({ track })=>{
	const [props] = useLexicalScope();
	track(()=>props.error);
	track(()=>props.error2);
	track(()=>props.error3);
};


None
/*
{
  "origin": "test.tsx",
  "name": "Input_component_useTask_bdBx80StzIk",
  "entry": null,
  "displayName": "test.tsx_Input_component_useTask",
  "hash": "bdBx80StzIk",
  "canonicalFilename": "test.tsx_Input_component_useTask_bdBx80StzIk",
  "path": "",
  "extension": "js",
  "parent": "component",
  "ctxKind": "function",
  "ctxName": "useTask$",
  "captures": true,
  "loc": [
    225,
    334
  ]
}
*/
============================= test.tsx_Input_component_BdCmNVLMFOM.js (ENTRY POINT)==

import { _jsxSorted, qrl, useTaskQrl } from "@qwik.dev/core";
import { Fragment as _Fragment } from "@qwik.dev/core/jsx-runtime";
export const Input_component_BdCmNVLMFOM = (props)=>{
	/*#__PURE__*/ useTaskQrl(/*#__PURE__*/ qrl(i_bdBx80StzIk, "Input_component_useTask_bdBx80StzIk", [props]));
	return /*#__PURE__*/ _jsxSorted(_Fragment, null, null, null, 3, null);
};


None
/*
{
  "origin": "test.tsx",
  "name": "Input_component_BdCmNVLMFOM",
  "entry": null,
  "displayName": "test.tsx_Input_component",
  "hash": "BdCmNVLMFOM",
  "canonicalFilename": "test.tsx_Input_component_BdCmNVLMFOM",
  "path": "",
  "extension": "js",
  "parent": null,
  "ctxKind": "function",
  "ctxName": "component$",
  "captures": false,
  "loc": [
    201,
    369
  ]
}
*/
== DIAGNOSTICS ==

[]
