---
source: optimizer/src/spec_parity_tests.rs
expression: output
---
==INPUT==

import { component$, useSignal, Signal } from '@qwik.dev/core';
const Foo = component$(function() {
  const data = useSignal<Signal<any>[]>([]);
  const data2 = useSignal<Signal<any>[]>([]);
  return <div>
	{data.value.map(row => (
	  <div onClick$={() => console.log(row.value.id)}>
		{data2.value.map(item => (
		  <p onClick$={() => console.log(row.value.id, item.value.id)}>{row.value.id}-{item.value.id}</p>
		))}
	  </div>
	))}
  </div>;
})

============================= test.tsx_Foo_component_div_div_p_on_click_FWFSo0km4Aw.js (ENTRY POINT)==

import { useLexicalScope } from "@qwik.dev/core";
export const Foo_component_div_div_p_on_click_FWFSo0km4Aw = (_, _1, item)=>{
	const [row] = useLexicalScope();
	return console.log(row.value.id, item.value.id);
};


None
/*
{
  "origin": "test.tsx",
  "name": "Foo_component_div_div_p_on_click_FWFSo0km4Aw",
  "entry": null,
  "displayName": "test.tsx_Foo_component_div_div_p_on_click",
  "hash": "FWFSo0km4Aw",
  "canonicalFilename": "test.tsx_Foo_component_div_div_p_on_click_FWFSo0km4Aw",
  "path": "",
  "extension": "js",
  "parent": null,
  "ctxKind": "eventHandler",
  "ctxName": "onClick$",
  "captures": true,
  "loc": [
    0,
    0
  ]
}
*/
============================= test.tsx_Foo_component_div_div_on_click_1u04rzUKERk.js (ENTRY POINT)==

export const Foo_component_div_div_on_click_1u04rzUKERk = (_, _1, row)=>console.log(row.value.id);


None
/*
{
  "origin": "test.tsx",
  "name": "Foo_component_div_div_on_click_1u04rzUKERk",
  "entry": null,
  "displayName": "test.tsx_Foo_component_div_div_on_click",
  "hash": "1u04rzUKERk",
  "canonicalFilename": "test.tsx_Foo_component_div_div_on_click_1u04rzUKERk",
  "path": "",
  "extension": "js",
  "parent": null,
  "ctxKind": "eventHandler",
  "ctxName": "onClick$",
  "captures": false,
  "loc": [
    0,
    0
  ]
}
*/
============================= test.tsx_Foo_component_HTDRsvUbLiE.js (ENTRY POINT)==

import { _fnSignal } from "@qwik.dev/core";
import { _jsxSorted } from "@qwik.dev/core";
import { useSignal } from "@qwik.dev/core";
import { qrl } from "@qwik.dev/core";
const i_FWFSo0km4Aw = ()=>import("./test.tsx_Foo_component_div_div_p_on_click_FWFSo0km4Aw");
const i_1u04rzUKERk = ()=>import("./test.tsx_Foo_component_div_div_on_click_1u04rzUKERk");
const _hf0 = (p0)=>p0.value.id;
const _hf0_str = "p0.value.id";
export const Foo_component_HTDRsvUbLiE = function() {
	const data = useSignal([]);
	const data2 = useSignal([]);
	const Foo_component_div_div_on_click_1u04rzUKERk = /*#__PURE__*/ qrl(i_1u04rzUKERk, "Foo_component_div_div_on_click_1u04rzUKERk");
	const Foo_component_div_div_p_on_click_FWFSo0km4Aw = /*#__PURE__*/ qrl(i_FWFSo0km4Aw, "Foo_component_div_div_p_on_click_FWFSo0km4Aw", [row]);
	return /*#__PURE__*/ _jsxSorted("div", null, null, data.value.map((row)=>/*#__PURE__*/ _jsxSorted("div", {
		"on:click": Foo_component_div_div_on_click_1u04rzUKERk,
		"q:p": row
	}, null, data2.value.map((item)=>/*#__PURE__*/ _jsxSorted("p", {
		"on:click": Foo_component_div_div_p_on_click_FWFSo0km4Aw,
		"q:p": item
	}, null, [
		row.value.id,
		"-",
		_fnSignal(_hf0, [item], _hf0_str)
	], 1, null)), 1, null)), 1, null);
};


None
/*
{
  "origin": "test.tsx",
  "name": "Foo_component_HTDRsvUbLiE",
  "entry": null,
  "displayName": "test.tsx_Foo_component",
  "hash": "HTDRsvUbLiE",
  "canonicalFilename": "test.tsx_Foo_component_HTDRsvUbLiE",
  "path": "",
  "extension": "js",
  "parent": null,
  "ctxKind": "function",
  "ctxName": "component$",
  "captures": false,
  "loc": [
    87,
    445
  ]
}
*/
============================= test.js ==

import { componentQrl } from "@qwik.dev/core";
import { qrl } from "@qwik.dev/core";
import { componentQrl } from "@qwik.dev/core";
const i_HTDRsvUbLiE = ()=>import("./test.tsx_Foo_component_HTDRsvUbLiE");
/*#__PURE__*/ componentQrl(/*#__PURE__*/ qrl(i_HTDRsvUbLiE, "Foo_component_HTDRsvUbLiE"));


None
== DIAGNOSTICS ==

[]
