---
source: optimizer/src/spec_parity_tests.rs
expression: output
---
==INPUT==

import { $, component$, useSignal } from "@qwik.dev/core";
import { destructureBindings } from "./destructure-bindings";

export const FieldInput = component$(
  (props) => {
    const initialValues = { value: undefined as string | undefined };
    const rest = destructureBindings(props, initialValues);

    return (
      <input
        {...rest}
        bind:value={finalValue}
		onClick$={() => {
			console.log('clicked');
		}}
      />
    );
  }
);

============================= test.tsx_FieldInput_component_input_on_click_2sr386GIAzQ.js (ENTRY POINT)==

export const FieldInput_component_input_on_click_2sr386GIAzQ = ()=>{
	console.log("clicked");
};


None
/*
{
  "origin": "test.tsx",
  "name": "FieldInput_component_input_on_click_2sr386GIAzQ",
  "entry": null,
  "displayName": "test.tsx_FieldInput_component_input_on_click",
  "hash": "2sr386GIAzQ",
  "canonicalFilename": "test.tsx_FieldInput_component_input_on_click_2sr386GIAzQ",
  "path": "",
  "extension": "js",
  "parent": null,
  "ctxKind": "eventHandler",
  "ctxName": "onClick$",
  "captures": false,
  "loc": [
    0,
    0
  ]
}
*/
============================= test.tsx_FieldInput_component_V4XAtJSTRKg.js (ENTRY POINT)==

import { _getConstProps } from "@qwik.dev/core";
import { _getVarProps } from "@qwik.dev/core";
import { _jsxSplit } from "@qwik.dev/core";
import { destructureBindings } from "./destructure-bindings";
import { qrl } from "@qwik.dev/core";
const i_2sr386GIAzQ = ()=>import("./test.tsx_FieldInput_component_input_on_click_2sr386GIAzQ");
export const FieldInput_component_V4XAtJSTRKg = (props)=>{
	const initialValues = { value: undefined };
	const rest = destructureBindings(props, initialValues);
	return /*#__PURE__*/ _jsxSplit("input", {
		..._getVarProps(rest),
		"on:click": /*#__PURE__*/ qrl(i_2sr386GIAzQ, "FieldInput_component_input_on_click_2sr386GIAzQ")
	}, _getConstProps(rest), null, 0, null);
};


None
/*
{
  "origin": "test.tsx",
  "name": "FieldInput_component_V4XAtJSTRKg",
  "entry": null,
  "displayName": "test.tsx_FieldInput_component",
  "hash": "V4XAtJSTRKg",
  "canonicalFilename": "test.tsx_FieldInput_component_V4XAtJSTRKg",
  "path": "",
  "extension": "js",
  "parent": null,
  "ctxKind": "function",
  "ctxName": "component$",
  "captures": false,
  "loc": [
    162,
    453
  ]
}
*/
============================= test.js ==

import { componentQrl } from "@qwik.dev/core";
import { qrl } from "@qwik.dev/core";
import { componentQrl } from "@qwik.dev/core";
const i_V4XAtJSTRKg = ()=>import("./test.tsx_FieldInput_component_V4XAtJSTRKg");
export const FieldInput = /*#__PURE__*/ componentQrl(/*#__PURE__*/ qrl(i_V4XAtJSTRKg, "FieldInput_component_V4XAtJSTRKg"));


None
== DIAGNOSTICS ==

[]
