---
source: optimizer/src/spec_parity_tests.rs
expression: output
---
==INPUT==

import { component$, $ } from '@qwik.dev/core';
import json from "./foo.json" assert { type: "json" };

export const Greeter = component$(() => {
	return json;
});

============================= test.tsx_Greeter_component_n7HuG2hhU0Q.js (ENTRY POINT)==

import json from "./foo.json";
export const Greeter_component_n7HuG2hhU0Q = ()=>{
	return json;
};


None
/*
{
  "origin": "test.tsx",
  "name": "Greeter_component_n7HuG2hhU0Q",
  "entry": null,
  "displayName": "test.tsx_Greeter_component",
  "hash": "n7HuG2hhU0Q",
  "canonicalFilename": "test.tsx_Greeter_component_n7HuG2hhU0Q",
  "path": "",
  "extension": "js",
  "parent": null,
  "ctxKind": "function",
  "ctxName": "component$",
  "captures": false,
  "loc": [
    138,
    161
  ]
}
*/
============================= test.js ==

import { componentQrl } from "@qwik.dev/core";
import { qrl } from "@qwik.dev/core";
import { componentQrl } from "@qwik.dev/core";
const i_n7HuG2hhU0Q = ()=>import("./test.tsx_Greeter_component_n7HuG2hhU0Q");
export const Greeter = /*#__PURE__*/ componentQrl(/*#__PURE__*/ qrl(i_n7HuG2hhU0Q, "Greeter_component_n7HuG2hhU0Q"));


None
== DIAGNOSTICS ==

[]
