---
source: optimizer/src/spec_parity_tests.rs
expression: output
---
==INPUT==

import { $, component$ } from '@qwik.dev/core';

export const Foo = component$((props) => {
	return (
		<div>
			<Button {...props} />
			<ButtonArrow {...props} />
		</div>
	);
}, {
	tagName: "my-foo",
});

export function Button({text, color}) {
	return (
		<button onColor$={color} onClick$={()=>console.log(text, color)}>{text}</button>
	);
}

export const ButtonArrow = ({text, color}) => {
	return (
		<button onColor$={color} onClick$={()=>console.log(text, color)}>{text}</button>
	);
}

============================= test.tsx_Foo_component_HTDRsvUbLiE.tsx (ENTRY POINT)==

export const Foo_component_HTDRsvUbLiE = (props)=>{
	return <div>
			<Button {...props} />
			<ButtonArrow {...props} />
		</div>;
};


None
/*
{
  "origin": "test.tsx",
  "name": "Foo_component_HTDRsvUbLiE",
  "entry": null,
  "displayName": "test.tsx_Foo_component",
  "hash": "HTDRsvUbLiE",
  "canonicalFilename": "test.tsx_Foo_component_HTDRsvUbLiE",
  "path": "",
  "extension": "tsx",
  "parent": null,
  "ctxKind": "function",
  "ctxName": "component$",
  "captures": false,
  "loc": [
    79,
    179
  ]
}
*/
============================= test.tsx_ButtonArrow_button_on_click_kIAVgrXedGE.tsx (ENTRY POINT)==

export const ButtonArrow_button_on_click_kIAVgrXedGE = ()=>console.log(text, color);


None
/*
{
  "origin": "test.tsx",
  "name": "ButtonArrow_button_on_click_kIAVgrXedGE",
  "entry": null,
  "displayName": "test.tsx_ButtonArrow_button_on_click",
  "hash": "kIAVgrXedGE",
  "canonicalFilename": "test.tsx_ButtonArrow_button_on_click_kIAVgrXedGE",
  "path": "",
  "extension": "tsx",
  "parent": null,
  "ctxKind": "eventHandler",
  "ctxName": "onClick$",
  "captures": false,
  "loc": [
    0,
    0
  ]
}
*/
============================= test.tsx_Button_button_on_click_VeaaIGYQbcg.tsx (ENTRY POINT)==

export const Button_button_on_click_VeaaIGYQbcg = ()=>console.log(text, color);


None
/*
{
  "origin": "test.tsx",
  "name": "Button_button_on_click_VeaaIGYQbcg",
  "entry": null,
  "displayName": "test.tsx_Button_button_on_click",
  "hash": "VeaaIGYQbcg",
  "canonicalFilename": "test.tsx_Button_button_on_click_VeaaIGYQbcg",
  "path": "",
  "extension": "tsx",
  "parent": null,
  "ctxKind": "eventHandler",
  "ctxName": "onClick$",
  "captures": false,
  "loc": [
    0,
    0
  ]
}
*/
============================= test.tsx ==

import { qrl } from "@qwik.dev/core";
import { componentQrl } from "@qwik.dev/core";
import { qrl } from "@qwik.dev/core";
import { componentQrl } from "@qwik.dev/core";
const i_HTDRsvUbLiE = ()=>import("./test.tsx_Foo_component_HTDRsvUbLiE");
const i_VeaaIGYQbcg = ()=>import("./test.tsx_Button_button_on_click_VeaaIGYQbcg");
const i_kIAVgrXedGE = ()=>import("./test.tsx_ButtonArrow_button_on_click_kIAVgrXedGE");
export const Foo = /*#__PURE__*/ componentQrl(/*#__PURE__*/ qrl(i_HTDRsvUbLiE, "Foo_component_HTDRsvUbLiE"));
export function Button({ text, color }) {
	return <button on:color={color} on:click={/*#__PURE__*/ qrl(i_VeaaIGYQbcg, "Button_button_on_click_VeaaIGYQbcg")}>{text}</button>;
}
export const ButtonArrow = ({ text, color })=>{
	return <button on:color={color} on:click={/*#__PURE__*/ qrl(i_kIAVgrXedGE, "ButtonArrow_button_on_click_kIAVgrXedGE")}>{text}</button>;
};


None
== DIAGNOSTICS ==

[]
