---
source: optimizer/src/spec_parity_tests.rs
expression: output
---
==INPUT==

import { component$ } from '@qwik.dev/core';

export default component$(() => {
	return (
		<div onClick$={() => console.log(mongodb)}>
		</div>
	);
});

============================= 404.tsx__404_component_zRvoWc98eqo.tsx (ENTRY POINT)==

import { qrl } from "@qwik.dev/core";
const i_OiMo9dvEW9Q = ()=>import("./404.tsx__404_component_div_onClick_OiMo9dvEW9Q");
export const _404_component_zRvoWc98eqo = ()=>{
	return <div on:click={/*#__PURE__*/ qrl(i_OiMo9dvEW9Q, "_404_component_div_onClick_OiMo9dvEW9Q")}>
		</div>;
};


None
/*
{
  "origin": "src/components/mongo/404.tsx",
  "name": "_404_component_zRvoWc98eqo",
  "entry": null,
  "displayName": "404.tsx__404_component",
  "hash": "zRvoWc98eqo",
  "canonicalFilename": "404.tsx__404_component_zRvoWc98eqo",
  "path": "src/components/mongo",
  "extension": "tsx",
  "parent": null,
  "ctxKind": "function",
  "ctxName": "component$",
  "captures": false,
  "loc": [
    72,
    150
  ]
}
*/
============================= 404.tsx__404_component_div_onClick_OiMo9dvEW9Q.tsx (ENTRY POINT)==

export const _404_component_div_onClick_OiMo9dvEW9Q = ()=>console.log(mongodb);


None
/*
{
  "origin": "src/components/mongo/404.tsx",
  "name": "_404_component_div_onClick_OiMo9dvEW9Q",
  "entry": null,
  "displayName": "404.tsx__404_component_div_onClick",
  "hash": "OiMo9dvEW9Q",
  "canonicalFilename": "404.tsx__404_component_div_onClick_OiMo9dvEW9Q",
  "path": "src/components/mongo",
  "extension": "tsx",
  "parent": null,
  "ctxKind": "eventHandler",
  "ctxName": "onClick$",
  "captures": false,
  "loc": [
    0,
    0
  ]
}
*/
============================= src/components/mongo/404.tsx ==

import { componentQrl } from "@qwik.dev/core";
import { qrl } from "@qwik.dev/core";
import { componentQrl } from "@qwik.dev/core";
const i_zRvoWc98eqo = ()=>import("./404.tsx__404_component_zRvoWc98eqo");
export default /*#__PURE__*/ componentQrl(/*#__PURE__*/ qrl(i_zRvoWc98eqo, "_404_component_zRvoWc98eqo"));


None
== DIAGNOSTICS ==

[]
